File to solve = Algorithm/CVRPLib/QOBLIB/XSH-n20-k4-01.vrp
Dimension = 21
Solution approach = Memetic Algorithm

786.0 after 191 ms
749.0 after 831 ms
745.0 after 1276 ms
739.0 after 1421 ms
726.0 after 1427 ms
687.0 after 1987 ms
674.0 after 1989 ms

File to solve = Algorithm/CVRPLib/QOBLIB/XSH-n20-k4-01.vrp
Dimension = 21
Solution approach = Memetic Algorithm

717.0 after 19 ms
682.0 after 269 ms
674.0 after 407 ms

File to solve = Algorithm/CVRPLib/QOBLIB/XSH-n20-k4-01.vrp
Dimension = 21
Solution approach = Memetic Algorithm

File to solve = Algorithm/CVRPLib/QOBLIB/XSH-n20-k4-01.vrp
Dimension = 21
Solution approach = Memetic Algorithm

792.0 after 1 ms
722.0 after 33 ms
708.0 after 115 ms
678.0 after 162 ms

File to solve = Algorithm/CVRPLib/QOBLIB/XSH-n20-k4-01.vrp
Dimension = 21
Solution approach = Memetic Algorithm

691.0 after 16 ms
689.0 after 54 ms
681.0 after 86 ms
667.0 after 237 ms

File to solve = Algorithm/CVRPLib/QOBLIB/XSH-n20-k4-01.vrp
Dimension = 21
Solution approach = Memetic Algorithm

698.0 after 29 ms
697.0 after 134 ms
667.0 after 325 ms

PROGRESS 1/55 XSH-n20-k4-01 cost=667 elapsed=6s
File to solve = Algorithm/CVRPLib/QOBLIB/XSH-n20-k4-02.vrp
Dimension = 21
Solution approach = Memetic Algorithm

779.0 after 5 ms
771.0 after 14 ms
721.0 after 14 ms
718.0 after 15 ms
714.0 after 16 ms
696.0 after 24 ms
689.0 after 52 ms
686.0 after 108 ms

File to solve = Algorithm/CVRPLib/QOBLIB/XSH-n20-k4-02.vrp
Dimension = 21
Solution approach = Memetic Algorithm

684.0 after 3 ms
683.0 after 26 ms

File to solve = Algorithm/CVRPLib/QOBLIB/XSH-n20-k4-02.vrp
Dimension = 21
Solution approach = Memetic Algorithm

727.0 after 2 ms
721.0 after 8 ms
683.0 after 13 ms

File to solve = Algorithm/CVRPLib/QOBLIB/XSH-n20-k4-02.vrp
Dimension = 21
Solution approach = Memetic Algorithm

702.0 after 1 ms
686.0 after 3 ms
683.0 after 10 ms

File to solve = Algorithm/CVRPLib/QOBLIB/XSH-n20-k4-02.vrp
Dimension = 21
Solution approach = Memetic Algorithm

879.0 after 2 ms
734.0 after 2 ms
721.0 after 5 ms
685.0 after 7 ms
684.0 after 9 ms
683.0 after 16 ms

PROGRESS 2/55 XSH-n20-k4-02 cost=683 elapsed=9s
File to solve = Algorithm/CVRPLib/QOBLIB/XSH-n20-k4-03.vrp
Dimension = 21
Solution approach = Memetic Algorithm

557.0 after 4 ms
545.0 after 6 ms
540.0 after 63 ms
538.0 after 234 ms
526.0 after 655 ms
524.0 after 656 ms

File to solve = Algorithm/CVRPLib/QOBLIB/XSH-n20-k4-03.vrp
Dimension = 21
Solution approach = Memetic Algorithm

File to solve = Algorithm/CVRPLib/QOBLIB/XSH-n20-k4-03.vrp
Dimension = 21
Solution approach = Memetic Algorithm

File to solve = Algorithm/CVRPLib/QOBLIB/XSH-n20-k4-03.vrp
Dimension = 21
Solution approach = Memetic Algorithm

553.0 after 9 ms
532.0 after 76 ms
528.0 after 235 ms

File to solve = Algorithm/CVRPLib/QOBLIB/XSH-n20-k4-03.vrp
Dimension = 21
Solution approach = Memetic Algorithm

File to solve = Algorithm/CVRPLib/QOBLIB/XSH-n20-k4-03.vrp
Dimension = 21
Solution approach = Memetic Algorithm

520.0 after 9 ms

File to solve = Algorithm/CVRPLib/QOBLIB/XSH-n20-k4-03.vrp
Dimension = 21
Solution approach = Memetic Algorithm

537.0 after 10 ms
528.0 after 99 ms
509.0 after 143 ms
508.0 after 144 ms

File to solve = Algorithm/CVRPLib/QOBLIB/XSH-n20-k4-03.vrp
Dimension = 21
Solution approach = Memetic Algorithm

559.0 after 17 ms
558.0 after 35 ms
543.0 after 78 ms
533.0 after 80 ms
528.0 after 209 ms
527.0 after 435 ms

PROGRESS 3/55 XSH-n20-k4-03 cost=508 elapsed=14s
File to solve = Algorithm/CVRPLib/QOBLIB/XSH-n20-k4-04.vrp
Dimension = 21
Solution approach = Memetic Algorithm

884.0 after 16 ms
822.0 after 35 ms
821.0 after 319 ms
819.0 after 967 ms
812.0 after 975 ms
800.0 after 983 ms
785.0 after 1018 ms
782.0 after 1032 ms
776.0 after 1034 ms

File to solve = Algorithm/CVRPLib/QOBLIB/XSH-n20-k4-04.vrp
Dimension = 21
Solution approach = Memetic Algorithm

File to solve = Algorithm/CVRPLib/QOBLIB/XSH-n20-k4-04.vrp
Dimension = 21
Solution approach = Memetic Algorithm

File to solve = Algorithm/CVRPLib/QOBLIB/XSH-n20-k4-04.vrp
Dimension = 21
Solution approach = Memetic Algorithm

880.0 after 10 ms
860.0 after 147 ms
856.0 after 600 ms
844.0 after 641 ms
787.0 after 848 ms
782.0 after 1695 ms

File to solve = Algorithm/CVRPLib/QOBLIB/XSH-n20-k4-04.vrp
Dimension = 21
Solution approach = Memetic Algorithm

File to solve = Algorithm/CVRPLib/QOBLIB/XSH-n20-k4-04.vrp
Dimension = 21
Solution approach = Memetic Algorithm

904.0 after 20 ms
875.0 after 167 ms
851.0 after 188 ms
837.0 after 990 ms
824.0 after 1638 ms
820.0 after 1657 ms
808.0 after 2221 ms
806.0 after 2548 ms
801.0 after 2917 ms

File to solve = Algorithm/CVRPLib/QOBLIB/XSH-n20-k4-04.vrp
Dimension = 21
Solution approach = Memetic Algorithm

898.0 after 30 ms
787.0 after 56 ms
782.0 after 126 ms

File to solve = Algorithm/CVRPLib/QOBLIB/XSH-n20-k4-04.vrp
Dimension = 21
Solution approach = Memetic Algorithm

File to solve = Algorithm/CVRPLib/QOBLIB/XSH-n20-k4-04.vrp
Dimension = 21
Solution approach = Memetic Algorithm

826.0 after 6 ms
816.0 after 104 ms
805.0 after 799 ms

PROGRESS 4/55 XSH-n20-k4-04 cost=776 elapsed=24s
File to solve = Algorithm/CVRPLib/QOBLIB/XSH-n20-k4-05.vrp
Dimension = 21
Solution approach = Memetic Algorithm

886.0 after 8 ms
784.0 after 22 ms
767.0 after 25 ms
731.0 after 293 ms

File to solve = Algorithm/CVRPLib/QOBLIB/XSH-n20-k4-05.vrp
Dimension = 21
Solution approach = Memetic Algorithm

780.0 after 1 ms
751.0 after 77 ms
745.0 after 165 ms
744.0 after 189 ms
708.0 after 350 ms
706.0 after 361 ms

File to solve = Algorithm/CVRPLib/QOBLIB/XSH-n20-k4-05.vrp
Dimension = 21
Solution approach = Memetic Algorithm

810.0 after 4 ms
780.0 after 31 ms
764.0 after 44 ms
759.0 after 166 ms
716.0 after 170 ms

File to solve = Algorithm/CVRPLib/QOBLIB/XSH-n20-k4-05.vrp
Dimension = 21
Solution approach = Memetic Algorithm

790.0 after 34 ms
788.0 after 37 ms
778.0 after 62 ms
757.0 after 71 ms
756.0 after 166 ms
722.0 after 169 ms
708.0 after 192 ms
706.0 after 194 ms

File to solve = Algorithm/CVRPLib/QOBLIB/XSH-n20-k4-05.vrp
Dimension = 21
Solution approach = Memetic Algorithm

File to solve = Algorithm/CVRPLib/QOBLIB/XSH-n20-k4-05.vrp
Dimension = 21
Solution approach = Memetic Algorithm

768.0 after 33 ms
755.0 after 95 ms

PROGRESS 5/55 XSH-n20-k4-05 cost=706 elapsed=28s
File to solve = Algorithm/CVRPLib/QOBLIB/XSH-n20-k4-06.vrp
Dimension = 21
Solution approach = Memetic Algorithm

File to solve = Algorithm/CVRPLib/QOBLIB/XSH-n20-k4-06.vrp
Dimension = 21
Solution approach = Memetic Algorithm

830.0 after 3 ms
827.0 after 143 ms
798.0 after 249 ms
738.0 after 249 ms
697.0 after 532 ms

File to solve = Algorithm/CVRPLib/QOBLIB/XSH-n20-k4-06.vrp
Dimension = 21
Solution approach = Memetic Algorithm

File to solve = Algorithm/CVRPLib/QOBLIB/XSH-n20-k4-06.vrp
Dimension = 21
Solution approach = Memetic Algorithm

855.0 after 34 ms
816.0 after 67 ms
807.0 after 235 ms
719.0 after 299 ms
718.0 after 766 ms
708.0 after 843 ms

File to solve = Algorithm/CVRPLib/QOBLIB/XSH-n20-k4-06.vrp
Dimension = 21
Solution approach = Memetic Algorithm

739.0 after 8 ms
723.0 after 457 ms

File to solve = Algorithm/CVRPLib/QOBLIB/XSH-n20-k4-06.vrp
Dimension = 21
Solution approach = Memetic Algorithm

File to solve = Algorithm/CVRPLib/QOBLIB/XSH-n20-k4-06.vrp
Dimension = 21
Solution approach = Memetic Algorithm

File to solve = Algorithm/CVRPLib/QOBLIB/XSH-n20-k4-06.vrp
Dimension = 21
Solution approach = Memetic Algorithm

File to solve = Algorithm/CVRPLib/QOBLIB/XSH-n20-k4-06.vrp
Dimension = 21
Solution approach = Memetic Algorithm

File to solve = Algorithm/CVRPLib/QOBLIB/XSH-n20-k4-06.vrp
Dimension = 21
Solution approach = Memetic Algorithm

848.0 after 18 ms
803.0 after 35 ms
738.0 after 62 ms
718.0 after 398 ms
706.0 after 531 ms
701.0 after 898 ms

File to solve = Algorithm/CVRPLib/QOBLIB/XSH-n20-k4-06.vrp
Dimension = 21
Solution approach = Memetic Algorithm

1094.0 after 31 ms
864.0 after 36 ms
859.0 after 63 ms
718.0 after 132 ms
708.0 after 1145 ms

PROGRESS 6/55 XSH-n20-k4-06 cost=697 elapsed=35s
File to solve = Algorithm/CVRPLib/QOBLIB/XSH-n20-k4-07.vrp
Dimension = 21
Solution approach = Memetic Algorithm

1021.0 after 23 ms
910.0 after 48 ms
855.0 after 57 ms
807.0 after 83 ms
749.0 after 256 ms
730.0 after 319 ms

File to solve = Algorithm/CVRPLib/QOBLIB/XSH-n20-k4-07.vrp
Dimension = 21
Solution approach = Memetic Algorithm

File to solve = Algorithm/CVRPLib/QOBLIB/XSH-n20-k4-07.vrp
Dimension = 21
Solution approach = Memetic Algorithm

730.0 after 12 ms

File to solve = Algorithm/CVRPLib/QOBLIB/XSH-n20-k4-07.vrp
Dimension = 21
Solution approach = Memetic Algorithm

891.0 after 7 ms
854.0 after 32 ms
759.0 after 66 ms
734.0 after 82 ms
730.0 after 184 ms

File to solve = Algorithm/CVRPLib/QOBLIB/XSH-n20-k4-07.vrp
Dimension = 21
Solution approach = Memetic Algorithm

758.0 after 16 ms
749.0 after 37 ms
736.0 after 57 ms
730.0 after 242 ms

File to solve = Algorithm/CVRPLib/QOBLIB/XSH-n20-k4-07.vrp
Dimension = 21
Solution approach = Memetic Algorithm

1025.0 after 26 ms
749.0 after 108 ms

PROGRESS 7/55 XSH-n20-k4-07 cost=730 elapsed=39s
File to solve = Algorithm/CVRPLib/QOBLIB/XSH-n20-k4-08.vrp
Dimension = 21
Solution approach = Memetic Algorithm

902.0 after 6 ms
844.0 after 10 ms
785.0 after 20 ms
782.0 after 63 ms
769.0 after 83 ms
766.0 after 105 ms
753.0 after 145 ms

File to solve = Algorithm/CVRPLib/QOBLIB/XSH-n20-k4-08.vrp
Dimension = 21
Solution approach = Memetic Algorithm

770.0 after 3 ms
756.0 after 5 ms
745.0 after 18 ms
744.0 after 180 ms

File to solve = Algorithm/CVRPLib/QOBLIB/XSH-n20-k4-08.vrp
Dimension = 21
Solution approach = Memetic Algorithm

756.0 after 2 ms
752.0 after 4 ms
745.0 after 69 ms
744.0 after 71 ms
736.0 after 907 ms

File to solve = Algorithm/CVRPLib/QOBLIB/XSH-n20-k4-08.vrp
Dimension = 21
Solution approach = Memetic Algorithm

807.0 after 4 ms
790.0 after 6 ms
788.0 after 7 ms
787.0 after 15 ms
775.0 after 16 ms
751.0 after 36 ms
745.0 after 58 ms
737.0 after 78 ms
727.0 after 98 ms

File to solve = Algorithm/CVRPLib/QOBLIB/XSH-n20-k4-08.vrp
Dimension = 21
Solution approach = Memetic Algorithm

817.0 after 11 ms
789.0 after 19 ms
776.0 after 28 ms
737.0 after 33 ms
736.0 after 68 ms

PROGRESS 8/55 XSH-n20-k4-08 cost=727 elapsed=43s
File to solve = Algorithm/CVRPLib/QOBLIB/XSH-n20-k4-09.vrp
Dimension = 21
Solution approach = Memetic Algorithm

759.0 after 5 ms
738.0 after 17 ms
729.0 after 70 ms
707.0 after 81 ms

File to solve = Algorithm/CVRPLib/QOBLIB/XSH-n20-k4-09.vrp
Dimension = 21
Solution approach = Memetic Algorithm

786.0 after 2 ms
751.0 after 4 ms
745.0 after 18 ms
735.0 after 25 ms
730.0 after 48 ms
723.0 after 86 ms

File to solve = Algorithm/CVRPLib/QOBLIB/XSH-n20-k4-09.vrp
Dimension = 21
Solution approach = Memetic Algorithm

786.0 after 3 ms
738.0 after 7 ms
707.0 after 66 ms

File to solve = Algorithm/CVRPLib/QOBLIB/XSH-n20-k4-09.vrp
Dimension = 21
Solution approach = Memetic Algorithm

742.0 after 1 ms
740.0 after 294 ms

File to solve = Algorithm/CVRPLib/QOBLIB/XSH-n20-k4-09.vrp
Dimension = 21
Solution approach = Memetic Algorithm

738.0 after 7 ms

PROGRESS 9/55 XSH-n20-k4-09 cost=707 elapsed=47s
File to solve = Algorithm/CVRPLib/QOBLIB/XSH-n20-k4-10.vrp
Dimension = 21
Solution approach = Memetic Algorithm

873.0 after 15 ms
779.0 after 103 ms
771.0 after 216 ms
770.0 after 390 ms

File to solve = Algorithm/CVRPLib/QOBLIB/XSH-n20-k4-10.vrp
Dimension = 21
Solution approach = Memetic Algorithm

940.0 after 2 ms
933.0 after 21 ms
886.0 after 26 ms
774.0 after 66 ms
746.0 after 303 ms
744.0 after 305 ms
737.0 after 306 ms

File to solve = Algorithm/CVRPLib/QOBLIB/XSH-n20-k4-10.vrp
Dimension = 21
Solution approach = Memetic Algorithm

947.0 after 5 ms
943.0 after 28 ms
930.0 after 102 ms
774.0 after 107 ms

File to solve = Algorithm/CVRPLib/QOBLIB/XSH-n20-k4-10.vrp
Dimension = 21
Solution approach = Memetic Algorithm

893.0 after 42 ms
808.0 after 89 ms
770.0 after 421 ms

File to solve = Algorithm/CVRPLib/QOBLIB/XSH-n20-k4-10.vrp
Dimension = 21
Solution approach = Memetic Algorithm

924.0 after 19 ms
896.0 after 43 ms
871.0 after 135 ms
779.0 after 188 ms
775.0 after 306 ms
774.0 after 419 ms
741.0 after 429 ms
738.0 after 450 ms

PROGRESS 10/55 XSH-n20-k4-10 cost=737 elapsed=51s
File to solve = Algorithm/CVRPLib/QOBLIB/XSH-n20-k4-11.vrp
Dimension = 21
Solution approach = Memetic Algorithm

944.0 after 9 ms
935.0 after 46 ms
928.0 after 97 ms
926.0 after 173 ms

File to solve = Algorithm/CVRPLib/QOBLIB/XSH-n20-k4-11.vrp
Dimension = 21
Solution approach = Memetic Algorithm

936.0 after 10 ms
935.0 after 30 ms
932.0 after 86 ms
929.0 after 105 ms
926.0 after 196 ms

File to solve = Algorithm/CVRPLib/QOBLIB/XSH-n20-k4-11.vrp
Dimension = 21
Solution approach = Memetic Algorithm

976.0 after 17 ms
938.0 after 20 ms
936.0 after 177 ms
932.0 after 269 ms
926.0 after 363 ms

File to solve = Algorithm/CVRPLib/QOBLIB/XSH-n20-k4-11.vrp
Dimension = 21
Solution approach = Memetic Algorithm

954.0 after 0 ms
937.0 after 29 ms
929.0 after 97 ms
927.0 after 122 ms

File to solve = Algorithm/CVRPLib/QOBLIB/XSH-n20-k4-11.vrp
Dimension = 21
Solution approach = Memetic Algorithm

944.0 after 1 ms
932.0 after 87 ms
926.0 after 215 ms

PROGRESS 11/55 XSH-n20-k4-11 cost=926 elapsed=55s
File to solve = Algorithm/CVRPLib/QOBLIB/XSH-n20-k4-12.vrp
Dimension = 21
Solution approach = Memetic Algorithm

855.0 after 0 ms
852.0 after 4 ms
843.0 after 5 ms
834.0 after 11 ms
825.0 after 18 ms
814.0 after 28 ms
804.0 after 30 ms

File to solve = Algorithm/CVRPLib/QOBLIB/XSH-n20-k4-12.vrp
Dimension = 21
Solution approach = Memetic Algorithm

885.0 after 0 ms
847.0 after 4 ms
845.0 after 21 ms
834.0 after 28 ms
817.0 after 32 ms
804.0 after 37 ms
771.0 after 51 ms
753.0 after 53 ms

File to solve = Algorithm/CVRPLib/QOBLIB/XSH-n20-k4-12.vrp
Dimension = 21
Solution approach = Memetic Algorithm

861.0 after 10 ms
849.0 after 14 ms
804.0 after 20 ms

File to solve = Algorithm/CVRPLib/QOBLIB/XSH-n20-k4-12.vrp
Dimension = 21
Solution approach = Memetic Algorithm

857.0 after 7 ms
834.0 after 13 ms
791.0 after 14 ms

File to solve = Algorithm/CVRPLib/QOBLIB/XSH-n20-k4-12.vrp
Dimension = 21
Solution approach = Memetic Algorithm

933.0 after 3 ms
836.0 after 5 ms
804.0 after 6 ms
783.0 after 12 ms
782.0 after 234 ms

PROGRESS 12/55 XSH-n20-k4-12 cost=753 elapsed=59s
File to solve = Algorithm/CVRPLib/QOBLIB/XSH-n20-k4-13.vrp
Dimension = 21
Solution approach = Memetic Algorithm

758.0 after 4 ms
746.0 after 51 ms
718.0 after 96 ms
687.0 after 105 ms
678.0 after 107 ms

File to solve = Algorithm/CVRPLib/QOBLIB/XSH-n20-k4-13.vrp
Dimension = 21
Solution approach = Memetic Algorithm

820.0 after 1 ms
773.0 after 10 ms
734.0 after 16 ms
676.0 after 30 ms
667.0 after 90 ms

File to solve = Algorithm/CVRPLib/QOBLIB/XSH-n20-k4-13.vrp
Dimension = 21
Solution approach = Memetic Algorithm

781.0 after 13 ms
754.0 after 14 ms
742.0 after 78 ms
741.0 after 147 ms

File to solve = Algorithm/CVRPLib/QOBLIB/XSH-n20-k4-13.vrp
Dimension = 21
Solution approach = Memetic Algorithm

918.0 after 45 ms
826.0 after 49 ms
812.0 after 74 ms
797.0 after 91 ms
754.0 after 111 ms
749.0 after 205 ms
709.0 after 261 ms
705.0 after 317 ms

File to solve = Algorithm/CVRPLib/QOBLIB/XSH-n20-k4-13.vrp
Dimension = 21
Solution approach = Memetic Algorithm

683.0 after 1 ms
676.0 after 67 ms
667.0 after 569 ms

PROGRESS 13/55 XSH-n20-k4-13 cost=667 elapsed=63s
File to solve = Algorithm/CVRPLib/QOBLIB/XSH-n20-k4-14.vrp
Dimension = 21
Solution approach = Memetic Algorithm

827.0 after 35 ms
739.0 after 152 ms

File to solve = Algorithm/CVRPLib/QOBLIB/XSH-n20-k4-14.vrp
Dimension = 21
Solution approach = Memetic Algorithm

793.0 after 21 ms
717.0 after 129 ms
716.0 after 989 ms
710.0 after 1146 ms

File to solve = Algorithm/CVRPLib/QOBLIB/XSH-n20-k4-14.vrp
Dimension = 21
Solution approach = Memetic Algorithm

File to solve = Algorithm/CVRPLib/QOBLIB/XSH-n20-k4-14.vrp
Dimension = 21
Solution approach = Memetic Algorithm

830.0 after 35 ms
805.0 after 44 ms
755.0 after 46 ms
740.0 after 94 ms
706.0 after 128 ms

File to solve = Algorithm/CVRPLib/QOBLIB/XSH-n20-k4-14.vrp
Dimension = 21
Solution approach = Memetic Algorithm

739.0 after 21 ms
734.0 after 243 ms
726.0 after 644 ms
724.0 after 697 ms

File to solve = Algorithm/CVRPLib/QOBLIB/XSH-n20-k4-14.vrp
Dimension = 21
Solution approach = Memetic Algorithm

830.0 after 68 ms
739.0 after 120 ms
706.0 after 466 ms

PROGRESS 14/55 XSH-n20-k4-14 cost=706 elapsed=70s
File to solve = Algorithm/CVRPLib/QOBLIB/XSH-n20-k4-15.vrp
Dimension = 21
Solution approach = Memetic Algorithm

883.0 after 0 ms
799.0 after 7 ms
796.0 after 47 ms
795.0 after 55 ms
793.0 after 95 ms
782.0 after 100 ms

File to solve = Algorithm/CVRPLib/QOBLIB/XSH-n20-k4-15.vrp
Dimension = 21
Solution approach = Memetic Algorithm

913.0 after 1 ms
801.0 after 4 ms
799.0 after 178 ms

File to solve = Algorithm/CVRPLib/QOBLIB/XSH-n20-k4-15.vrp
Dimension = 21
Solution approach = Memetic Algorithm

884.0 after 4 ms
811.0 after 21 ms
787.0 after 50 ms

File to solve = Algorithm/CVRPLib/QOBLIB/XSH-n20-k4-15.vrp
Dimension = 21
Solution approach = Memetic Algorithm

899.0 after 17 ms
882.0 after 35 ms
848.0 after 55 ms
808.0 after 56 ms
793.0 after 74 ms
787.0 after 246 ms

File to solve = Algorithm/CVRPLib/QOBLIB/XSH-n20-k4-15.vrp
Dimension = 21
Solution approach = Memetic Algorithm

885.0 after 2 ms
811.0 after 12 ms
808.0 after 101 ms
803.0 after 124 ms
798.0 after 128 ms
795.0 after 131 ms
788.0 after 133 ms
782.0 after 135 ms

PROGRESS 15/55 XSH-n20-k4-15 cost=782 elapsed=74s
File to solve = Algorithm/CVRPLib/QOBLIB/XSH-n20-k4-16.vrp
Dimension = 21
Solution approach = Memetic Algorithm

1006.0 after 10 ms
942.0 after 19 ms
889.0 after 21 ms
881.0 after 56 ms

File to solve = Algorithm/CVRPLib/QOBLIB/XSH-n20-k4-16.vrp
Dimension = 21
Solution approach = Memetic Algorithm

988.0 after 3 ms
980.0 after 11 ms
956.0 after 14 ms
929.0 after 16 ms
920.0 after 28 ms
831.0 after 31 ms

File to solve = Algorithm/CVRPLib/QOBLIB/XSH-n20-k4-16.vrp
Dimension = 21
Solution approach = Memetic Algorithm

941.0 after 6 ms
889.0 after 20 ms

File to solve = Algorithm/CVRPLib/QOBLIB/XSH-n20-k4-16.vrp
Dimension = 21
Solution approach = Memetic Algorithm

1011.0 after 1 ms
891.0 after 6 ms
882.0 after 10 ms
881.0 after 59 ms

File to solve = Algorithm/CVRPLib/QOBLIB/XSH-n20-k4-16.vrp
Dimension = 21
Solution approach = Memetic Algorithm

881.0 after 9 ms

PROGRESS 16/55 XSH-n20-k4-16 cost=831 elapsed=76s
File to solve = Algorithm/CVRPLib/QOBLIB/XSH-n20-k4-17.vrp
Dimension = 21
Solution approach = Memetic Algorithm

744.0 after 58 ms
727.0 after 148 ms
683.0 after 238 ms
649.0 after 574 ms

File to solve = Algorithm/CVRPLib/QOBLIB/XSH-n20-k4-17.vrp
Dimension = 21
Solution approach = Memetic Algorithm

703.0 after 9 ms
698.0 after 29 ms
668.0 after 192 ms
666.0 after 287 ms

File to solve = Algorithm/CVRPLib/QOBLIB/XSH-n20-k4-17.vrp
Dimension = 21
Solution approach = Memetic Algorithm

792.0 after 5 ms
750.0 after 25 ms
740.0 after 38 ms
738.0 after 54 ms
714.0 after 115 ms
664.0 after 200 ms
612.0 after 222 ms

File to solve = Algorithm/CVRPLib/QOBLIB/XSH-n20-k4-17.vrp
Dimension = 21
Solution approach = Memetic Algorithm

727.0 after 23 ms
719.0 after 91 ms
717.0 after 149 ms
714.0 after 155 ms
706.0 after 159 ms
649.0 after 160 ms

File to solve = Algorithm/CVRPLib/QOBLIB/XSH-n20-k4-17.vrp
Dimension = 21
Solution approach = Memetic Algorithm

751.0 after 2 ms
750.0 after 90 ms
741.0 after 141 ms
740.0 after 259 ms
663.0 after 277 ms
612.0 after 489 ms

PROGRESS 17/55 XSH-n20-k4-17 cost=612 elapsed=81s
File to solve = Algorithm/CVRPLib/QOBLIB/XSH-n20-k4-18.vrp
Dimension = 21
Solution approach = Memetic Algorithm

1109.0 after 0 ms
1093.0 after 1 ms
1072.0 after 1 ms
1060.0 after 6 ms
1048.0 after 11 ms
1039.0 after 13 ms
1037.0 after 22 ms
1008.0 after 40 ms
1006.0 after 183 ms

File to solve = Algorithm/CVRPLib/QOBLIB/XSH-n20-k4-18.vrp
Dimension = 21
Solution approach = Memetic Algorithm

1111.0 after 1 ms
1033.0 after 3 ms
1015.0 after 14 ms

File to solve = Algorithm/CVRPLib/QOBLIB/XSH-n20-k4-18.vrp
Dimension = 21
Solution approach = Memetic Algorithm

1038.0 after 5 ms
1028.0 after 46 ms
1012.0 after 72 ms

File to solve = Algorithm/CVRPLib/QOBLIB/XSH-n20-k4-18.vrp
Dimension = 21
Solution approach = Memetic Algorithm

1124.0 after 3 ms
1053.0 after 3 ms
1020.0 after 14 ms
1014.0 after 310 ms

File to solve = Algorithm/CVRPLib/QOBLIB/XSH-n20-k4-18.vrp
Dimension = 21
Solution approach = Memetic Algorithm

1102.0 after 1 ms
1097.0 after 4 ms
1056.0 after 5 ms
1014.0 after 7 ms
1013.0 after 51 ms

PROGRESS 18/55 XSH-n20-k4-18 cost=1006 elapsed=85s
File to solve = Algorithm/CVRPLib/QOBLIB/XSH-n20-k4-19.vrp
Dimension = 21
Solution approach = Memetic Algorithm

File to solve = Algorithm/CVRPLib/QOBLIB/XSH-n20-k4-19.vrp
Dimension = 21
Solution approach = Memetic Algorithm

File to solve = Algorithm/CVRPLib/QOBLIB/XSH-n20-k4-19.vrp
Dimension = 21
Solution approach = Memetic Algorithm

File to solve = Algorithm/CVRPLib/QOBLIB/XSH-n20-k4-19.vrp
Dimension = 21
Solution approach = Memetic Algorithm

1035.0 after 44 ms
1026.0 after 2663 ms

File to solve = Algorithm/CVRPLib/QOBLIB/XSH-n20-k4-19.vrp
Dimension = 21
Solution approach = Memetic Algorithm

File to solve = Algorithm/CVRPLib/QOBLIB/XSH-n20-k4-19.vrp
Dimension = 21
Solution approach = Memetic Algorithm

1315.0 after 1 ms
1159.0 after 29 ms
1049.0 after 90 ms
1028.0 after 2800 ms
1020.0 after 3677 ms

File to solve = Algorithm/CVRPLib/QOBLIB/XSH-n20-k4-19.vrp
Dimension = 21
Solution approach = Memetic Algorithm

File to solve = Algorithm/CVRPLib/QOBLIB/XSH-n20-k4-19.vrp
Dimension = 21
Solution approach = Memetic Algorithm

File to solve = Algorithm/CVRPLib/QOBLIB/XSH-n20-k4-19.vrp
Dimension = 21
Solution approach = Memetic Algorithm

1126.0 after 49 ms
1064.0 after 928 ms
1061.0 after 2068 ms
1035.0 after 3045 ms
1008.0 after 3046 ms

File to solve = Algorithm/CVRPLib/QOBLIB/XSH-n20-k4-19.vrp
Dimension = 21
Solution approach = Memetic Algorithm

File to solve = Algorithm/CVRPLib/QOBLIB/XSH-n20-k4-19.vrp
Dimension = 21
Solution approach = Memetic Algorithm

File to solve = Algorithm/CVRPLib/QOBLIB/XSH-n20-k4-19.vrp
Dimension = 21
Solution approach = Memetic Algorithm

File to solve = Algorithm/CVRPLib/QOBLIB/XSH-n20-k4-19.vrp
Dimension = 21
Solution approach = Memetic Algorithm

File to solve = Algorithm/CVRPLib/QOBLIB/XSH-n20-k4-19.vrp
Dimension = 21
Solution approach = Memetic Algorithm

File to solve = Algorithm/CVRPLib/QOBLIB/XSH-n20-k4-19.vrp
Dimension = 21
Solution approach = Memetic Algorithm

File to solve = Algorithm/CVRPLib/QOBLIB/XSH-n20-k4-19.vrp
Dimension = 21
Solution approach = Memetic Algorithm

File to solve = Algorithm/CVRPLib/QOBLIB/XSH-n20-k4-19.vrp
Dimension = 21
Solution approach = Memetic Algorithm

1052.0 after 78 ms
1026.0 after 507 ms
1012.0 after 1046 ms

File to solve = Algorithm/CVRPLib/QOBLIB/XSH-n20-k4-19.vrp
Dimension = 21
Solution approach = Memetic Algorithm

File to solve = Algorithm/CVRPLib/QOBLIB/XSH-n20-k4-19.vrp
Dimension = 21
Solution approach = Memetic Algorithm

1054.0 after 29 ms
1031.0 after 2282 ms
1016.0 after 2285 ms
1014.0 after 3480 ms

PROGRESS 19/55 XSH-n20-k4-19 cost=1008 elapsed=105s
File to solve = Algorithm/CVRPLib/QOBLIB/XSH-n20-k4-20.vrp
Dimension = 21
Solution approach = Memetic Algorithm

726.0 after 5 ms
696.0 after 178 ms
672.0 after 253 ms
667.0 after 428 ms

File to solve = Algorithm/CVRPLib/QOBLIB/XSH-n20-k4-20.vrp
Dimension = 21
Solution approach = Memetic Algorithm

710.0 after 15 ms
675.0 after 262 ms
669.0 after 1686 ms
667.0 after 2129 ms

File to solve = Algorithm/CVRPLib/QOBLIB/XSH-n20-k4-20.vrp
Dimension = 21
Solution approach = Memetic Algorithm

File to solve = Algorithm/CVRPLib/QOBLIB/XSH-n20-k4-20.vrp
Dimension = 21
Solution approach = Memetic Algorithm

836.0 after 3 ms
768.0 after 20 ms
763.0 after 251 ms
746.0 after 450 ms
680.0 after 543 ms
672.0 after 650 ms
670.0 after 1213 ms

File to solve = Algorithm/CVRPLib/QOBLIB/XSH-n20-k4-20.vrp
Dimension = 21
Solution approach = Memetic Algorithm

File to solve = Algorithm/CVRPLib/QOBLIB/XSH-n20-k4-20.vrp
Dimension = 21
Solution approach = Memetic Algorithm

File to solve = Algorithm/CVRPLib/QOBLIB/XSH-n20-k4-20.vrp
Dimension = 21
Solution approach = Memetic Algorithm

File to solve = Algorithm/CVRPLib/QOBLIB/XSH-n20-k4-20.vrp
Dimension = 21
Solution approach = Memetic Algorithm

File to solve = Algorithm/CVRPLib/QOBLIB/XSH-n20-k4-20.vrp
Dimension = 21
Solution approach = Memetic Algorithm

File to solve = Algorithm/CVRPLib/QOBLIB/XSH-n20-k4-20.vrp
Dimension = 21
Solution approach = Memetic Algorithm

823.0 after 4 ms
818.0 after 6 ms
772.0 after 111 ms
756.0 after 199 ms
720.0 after 263 ms
707.0 after 307 ms
667.0 after 749 ms

File to solve = Algorithm/CVRPLib/QOBLIB/XSH-n20-k4-20.vrp
Dimension = 21
Solution approach = Memetic Algorithm

File to solve = Algorithm/CVRPLib/QOBLIB/XSH-n20-k4-20.vrp
Dimension = 21
Solution approach = Memetic Algorithm

File to solve = Algorithm/CVRPLib/QOBLIB/XSH-n20-k4-20.vrp
Dimension = 21
Solution approach = Memetic Algorithm

670.0 after 16 ms
648.0 after 261 ms

PROGRESS 20/55 XSH-n20-k4-20 cost=648 elapsed=114s
File to solve = Algorithm/CVRPLib/QOBLIB/XSH-n20-k4-21.vrp
Dimension = 21
Solution approach = Memetic Algorithm

897.0 after 2 ms
869.0 after 6 ms
862.0 after 172 ms

File to solve = Algorithm/CVRPLib/QOBLIB/XSH-n20-k4-21.vrp
Dimension = 21
Solution approach = Memetic Algorithm

878.0 after 14 ms
871.0 after 62 ms
864.0 after 145 ms

File to solve = Algorithm/CVRPLib/QOBLIB/XSH-n20-k4-21.vrp
Dimension = 21
Solution approach = Memetic Algorithm

867.0 after 7 ms
865.0 after 114 ms

File to solve = Algorithm/CVRPLib/QOBLIB/XSH-n20-k4-21.vrp
Dimension = 21
Solution approach = Memetic Algorithm

899.0 after 3 ms
870.0 after 4 ms
848.0 after 54 ms
844.0 after 256 ms

File to solve = Algorithm/CVRPLib/QOBLIB/XSH-n20-k4-21.vrp
Dimension = 21
Solution approach = Memetic Algorithm

893.0 after 2 ms
890.0 after 40 ms
871.0 after 70 ms
870.0 after 558 ms

PROGRESS 21/55 XSH-n20-k4-21 cost=844 elapsed=118s
File to solve = Algorithm/CVRPLib/QOBLIB/XSH-n20-k4-22.vrp
Dimension = 21
Solution approach = Memetic Algorithm

956.0 after 34 ms
911.0 after 59 ms
894.0 after 122 ms
818.0 after 202 ms
769.0 after 804 ms

File to solve = Algorithm/CVRPLib/QOBLIB/XSH-n20-k4-22.vrp
Dimension = 21
Solution approach = Memetic Algorithm

File to solve = Algorithm/CVRPLib/QOBLIB/XSH-n20-k4-22.vrp
Dimension = 21
Solution approach = Memetic Algorithm

849.0 after 36 ms
825.0 after 996 ms
804.0 after 1668 ms
780.0 after 1669 ms

File to solve = Algorithm/CVRPLib/QOBLIB/XSH-n20-k4-22.vrp
Dimension = 21
Solution approach = Memetic Algorithm

File to solve = Algorithm/CVRPLib/QOBLIB/XSH-n20-k4-22.vrp
Dimension = 21
Solution approach = Memetic Algorithm

1001.0 after 24 ms
877.0 after 79 ms
819.0 after 746 ms

File to solve = Algorithm/CVRPLib/QOBLIB/XSH-n20-k4-22.vrp
Dimension = 21
Solution approach = Memetic Algorithm

File to solve = Algorithm/CVRPLib/QOBLIB/XSH-n20-k4-22.vrp
Dimension = 21
Solution approach = Memetic Algorithm

902.0 after 2 ms
898.0 after 307 ms
847.0 after 1369 ms
835.0 after 1631 ms

File to solve = Algorithm/CVRPLib/QOBLIB/XSH-n20-k4-22.vrp
Dimension = 21
Solution approach = Memetic Algorithm

File to solve = Algorithm/CVRPLib/QOBLIB/XSH-n20-k4-22.vrp
Dimension = 21
Solution approach = Memetic Algorithm

987.0 after 10 ms
966.0 after 69 ms
931.0 after 96 ms
885.0 after 166 ms
877.0 after 313 ms
873.0 after 646 ms
841.0 after 730 ms
838.0 after 733 ms

PROGRESS 22/55 XSH-n20-k4-22 cost=769 elapsed=128s
File to solve = Algorithm/CVRPLib/QOBLIB/XSH-n20-k4-23.vrp
Dimension = 21
Solution approach = Memetic Algorithm

921.0 after 31 ms
906.0 after 219 ms
873.0 after 585 ms

File to solve = Algorithm/CVRPLib/QOBLIB/XSH-n20-k4-23.vrp
Dimension = 21
Solution approach = Memetic Algorithm

1001.0 after 45 ms
971.0 after 102 ms
960.0 after 124 ms
953.0 after 222 ms
950.0 after 379 ms
933.0 after 410 ms

File to solve = Algorithm/CVRPLib/QOBLIB/XSH-n20-k4-23.vrp
Dimension = 21
Solution approach = Memetic Algorithm

File to solve = Algorithm/CVRPLib/QOBLIB/XSH-n20-k4-23.vrp
Dimension = 21
Solution approach = Memetic Algorithm

940.0 after 35 ms
921.0 after 174 ms
903.0 after 494 ms

File to solve = Algorithm/CVRPLib/QOBLIB/XSH-n20-k4-23.vrp
Dimension = 21
Solution approach = Memetic Algorithm

1047.0 after 7 ms
957.0 after 52 ms
907.0 after 162 ms
899.0 after 172 ms

File to solve = Algorithm/CVRPLib/QOBLIB/XSH-n20-k4-23.vrp
Dimension = 21
Solution approach = Memetic Algorithm

1014.0 after 9 ms
1008.0 after 62 ms
985.0 after 113 ms
978.0 after 147 ms
969.0 after 151 ms
968.0 after 304 ms
943.0 after 306 ms
932.0 after 307 ms

PROGRESS 23/55 XSH-n20-k4-23 cost=873 elapsed=133s
File to solve = Algorithm/CVRPLib/QOBLIB/XSH-n20-k4-24.vrp
Dimension = 21
Solution approach = Memetic Algorithm

838.0 after 3 ms
831.0 after 19 ms
751.0 after 49 ms
750.0 after 239 ms

File to solve = Algorithm/CVRPLib/QOBLIB/XSH-n20-k4-24.vrp
Dimension = 21
Solution approach = Memetic Algorithm

776.0 after 1 ms
745.0 after 76 ms

File to solve = Algorithm/CVRPLib/QOBLIB/XSH-n20-k4-24.vrp
Dimension = 21
Solution approach = Memetic Algorithm

774.0 after 1 ms
749.0 after 14 ms
747.0 after 423 ms

File to solve = Algorithm/CVRPLib/QOBLIB/XSH-n20-k4-24.vrp
Dimension = 21
Solution approach = Memetic Algorithm

859.0 after 4 ms
815.0 after 5 ms
776.0 after 32 ms
769.0 after 36 ms
753.0 after 52 ms

File to solve = Algorithm/CVRPLib/QOBLIB/XSH-n20-k4-24.vrp
Dimension = 21
Solution approach = Memetic Algorithm

813.0 after 9 ms
783.0 after 10 ms
769.0 after 17 ms
761.0 after 35 ms
753.0 after 68 ms
752.0 after 76 ms
750.0 after 78 ms

PROGRESS 24/55 XSH-n20-k4-24 cost=745 elapsed=136s
File to solve = Algorithm/CVRPLib/QOBLIB/XSH-n20-k4-25.vrp
Dimension = 21
Solution approach = Memetic Algorithm

File to solve = Algorithm/CVRPLib/QOBLIB/XSH-n20-k4-25.vrp
Dimension = 21
Solution approach = Memetic Algorithm

523.0 after 20 ms
467.0 after 73 ms
462.0 after 185 ms

File to solve = Algorithm/CVRPLib/QOBLIB/XSH-n20-k4-25.vrp
Dimension = 21
Solution approach = Memetic Algorithm

File to solve = Algorithm/CVRPLib/QOBLIB/XSH-n20-k4-25.vrp
Dimension = 21
Solution approach = Memetic Algorithm

579.0 after 18 ms
524.0 after 32 ms
474.0 after 223 ms
473.0 after 308 ms
471.0 after 331 ms
469.0 after 626 ms

File to solve = Algorithm/CVRPLib/QOBLIB/XSH-n20-k4-25.vrp
Dimension = 21
Solution approach = Memetic Algorithm

498.0 after 2 ms
471.0 after 113 ms

File to solve = Algorithm/CVRPLib/QOBLIB/XSH-n20-k4-25.vrp
Dimension = 21
Solution approach = Memetic Algorithm

523.0 after 19 ms
509.0 after 92 ms
483.0 after 234 ms
476.0 after 271 ms
462.0 after 284 ms

File to solve = Algorithm/CVRPLib/QOBLIB/XSH-n20-k4-25.vrp
Dimension = 21
Solution approach = Memetic Algorithm

474.0 after 2 ms
471.0 after 142 ms
462.0 after 271 ms

PROGRESS 25/55 XSH-n20-k4-25 cost=462 elapsed=141s
File to solve = Algorithm/CVRPLib/QOBLIB/XSH-n20-k4-26.vrp
Dimension = 21
Solution approach = Memetic Algorithm

File to solve = Algorithm/CVRPLib/QOBLIB/XSH-n20-k4-26.vrp
Dimension = 21
Solution approach = Memetic Algorithm

File to solve = Algorithm/CVRPLib/QOBLIB/XSH-n20-k4-26.vrp
Dimension = 21
Solution approach = Memetic Algorithm

898.0 after 3 ms
792.0 after 23 ms
776.0 after 40 ms
737.0 after 234 ms
719.0 after 658 ms
710.0 after 660 ms
692.0 after 662 ms

File to solve = Algorithm/CVRPLib/QOBLIB/XSH-n20-k4-26.vrp
Dimension = 21
Solution approach = Memetic Algorithm

File to solve = Algorithm/CVRPLib/QOBLIB/XSH-n20-k4-26.vrp
Dimension = 21
Solution approach = Memetic Algorithm

854.0 after 26 ms
796.0 after 85 ms
742.0 after 445 ms
700.0 after 478 ms

File to solve = Algorithm/CVRPLib/QOBLIB/XSH-n20-k4-26.vrp
Dimension = 21
Solution approach = Memetic Algorithm

866.0 after 19 ms
773.0 after 85 ms
769.0 after 94 ms
751.0 after 149 ms
726.0 after 334 ms
694.0 after 622 ms
688.0 after 849 ms

File to solve = Algorithm/CVRPLib/QOBLIB/XSH-n20-k4-26.vrp
Dimension = 21
Solution approach = Memetic Algorithm

856.0 after 21 ms
781.0 after 112 ms
773.0 after 1298 ms

File to solve = Algorithm/CVRPLib/QOBLIB/XSH-n20-k4-26.vrp
Dimension = 21
Solution approach = Memetic Algorithm

File to solve = Algorithm/CVRPLib/QOBLIB/XSH-n20-k4-26.vrp
Dimension = 21
Solution approach = Memetic Algorithm

File to solve = Algorithm/CVRPLib/QOBLIB/XSH-n20-k4-26.vrp
Dimension = 21
Solution approach = Memetic Algorithm

848.0 after 15 ms
825.0 after 16 ms
791.0 after 20 ms
771.0 after 469 ms
692.0 after 867 ms

PROGRESS 26/55 XSH-n20-k4-26 cost=688 elapsed=149s
File to solve = Algorithm/CVRPLib/QOBLIB/XSH-n20-k4-27.vrp
Dimension = 21
Solution approach = Memetic Algorithm

625.0 after 1 ms
615.0 after 81 ms

File to solve = Algorithm/CVRPLib/QOBLIB/XSH-n20-k4-27.vrp
Dimension = 21
Solution approach = Memetic Algorithm

710.0 after 1 ms
691.0 after 5 ms
644.0 after 8 ms
604.0 after 10 ms
582.0 after 82 ms

File to solve = Algorithm/CVRPLib/QOBLIB/XSH-n20-k4-27.vrp
Dimension = 21
Solution approach = Memetic Algorithm

681.0 after 18 ms
631.0 after 53 ms
619.0 after 89 ms

File to solve = Algorithm/CVRPLib/QOBLIB/XSH-n20-k4-27.vrp
Dimension = 21
Solution approach = Memetic Algorithm

709.0 after 10 ms
604.0 after 13 ms
568.0 after 258 ms
553.0 after 481 ms

File to solve = Algorithm/CVRPLib/QOBLIB/XSH-n20-k4-27.vrp
Dimension = 21
Solution approach = Memetic Algorithm

613.0 after 6 ms
604.0 after 54 ms
582.0 after 85 ms

PROGRESS 27/55 XSH-n20-k4-27 cost=553 elapsed=153s
File to solve = Algorithm/CVRPLib/QOBLIB/XSH-n20-k4-28.vrp
Dimension = 21
Solution approach = Memetic Algorithm

835.0 after 17 ms
758.0 after 38 ms
686.0 after 56 ms
676.0 after 100 ms

File to solve = Algorithm/CVRPLib/QOBLIB/XSH-n20-k4-28.vrp
Dimension = 21
Solution approach = Memetic Algorithm

862.0 after 27 ms
798.0 after 29 ms
797.0 after 145 ms

File to solve = Algorithm/CVRPLib/QOBLIB/XSH-n20-k4-28.vrp
Dimension = 21
Solution approach = Memetic Algorithm

822.0 after 31 ms
798.0 after 55 ms
743.0 after 145 ms
686.0 after 204 ms
678.0 after 279 ms
676.0 after 285 ms

File to solve = Algorithm/CVRPLib/QOBLIB/XSH-n20-k4-28.vrp
Dimension = 21
Solution approach = Memetic Algorithm

871.0 after 39 ms
765.0 after 56 ms
676.0 after 218 ms

File to solve = Algorithm/CVRPLib/QOBLIB/XSH-n20-k4-28.vrp
Dimension = 21
Solution approach = Memetic Algorithm

745.0 after 5 ms
720.0 after 10 ms
686.0 after 84 ms
676.0 after 185 ms

PROGRESS 28/55 XSH-n20-k4-28 cost=676 elapsed=156s
File to solve = Algorithm/CVRPLib/QOBLIB/XSH-n20-k4-29.vrp
Dimension = 21
Solution approach = Memetic Algorithm

758.0 after 3 ms
704.0 after 4 ms
699.0 after 75 ms
689.0 after 76 ms
688.0 after 376 ms

File to solve = Algorithm/CVRPLib/QOBLIB/XSH-n20-k4-29.vrp
Dimension = 21
Solution approach = Memetic Algorithm

762.0 after 1 ms
709.0 after 5 ms
668.0 after 13 ms

File to solve = Algorithm/CVRPLib/QOBLIB/XSH-n20-k4-29.vrp
Dimension = 21
Solution approach = Memetic Algorithm

875.0 after 0 ms
703.0 after 2 ms
699.0 after 59 ms
677.0 after 67 ms

File to solve = Algorithm/CVRPLib/QOBLIB/XSH-n20-k4-29.vrp
Dimension = 21
Solution approach = Memetic Algorithm

689.0 after 1 ms
665.0 after 155 ms
661.0 after 187 ms

File to solve = Algorithm/CVRPLib/QOBLIB/XSH-n20-k4-29.vrp
Dimension = 21
Solution approach = Memetic Algorithm

820.0 after 13 ms
751.0 after 21 ms
741.0 after 22 ms
716.0 after 29 ms
680.0 after 77 ms
676.0 after 103 ms

PROGRESS 29/55 XSH-n20-k4-29 cost=661 elapsed=160s
File to solve = Algorithm/CVRPLib/QOBLIB/XSH-n20-k4-30.vrp
Dimension = 21
Solution approach = Memetic Algorithm

815.0 after 18 ms
792.0 after 39 ms
718.0 after 115 ms
717.0 after 207 ms

File to solve = Algorithm/CVRPLib/QOBLIB/XSH-n20-k4-30.vrp
Dimension = 21
Solution approach = Memetic Algorithm

789.0 after 6 ms
723.0 after 16 ms
722.0 after 292 ms

File to solve = Algorithm/CVRPLib/QOBLIB/XSH-n20-k4-30.vrp
Dimension = 21
Solution approach = Memetic Algorithm

File to solve = Algorithm/CVRPLib/QOBLIB/XSH-n20-k4-30.vrp
Dimension = 21
Solution approach = Memetic Algorithm

860.0 after 8 ms
839.0 after 13 ms
723.0 after 35 ms
703.0 after 176 ms

File to solve = Algorithm/CVRPLib/QOBLIB/XSH-n20-k4-30.vrp
Dimension = 21
Solution approach = Memetic Algorithm

952.0 after 25 ms
705.0 after 44 ms

File to solve = Algorithm/CVRPLib/QOBLIB/XSH-n20-k4-30.vrp
Dimension = 21
Solution approach = Memetic Algorithm

882.0 after 27 ms
822.0 after 53 ms
809.0 after 61 ms
737.0 after 79 ms
736.0 after 450 ms
727.0 after 456 ms

PROGRESS 30/55 XSH-n20-k4-30 cost=703 elapsed=164s
File to solve = Algorithm/CVRPLib/QOBLIB/XSH-n20-k4-31.vrp
Dimension = 21
Solution approach = Memetic Algorithm

570.0 after 4 ms
486.0 after 6 ms
472.0 after 38 ms
462.0 after 55 ms

File to solve = Algorithm/CVRPLib/QOBLIB/XSH-n20-k4-31.vrp
Dimension = 21
Solution approach = Memetic Algorithm

494.0 after 5 ms
489.0 after 31 ms
486.0 after 107 ms

File to solve = Algorithm/CVRPLib/QOBLIB/XSH-n20-k4-31.vrp
Dimension = 21
Solution approach = Memetic Algorithm

593.0 after 17 ms
566.0 after 18 ms
537.0 after 19 ms
521.0 after 34 ms
501.0 after 37 ms
499.0 after 71 ms
486.0 after 74 ms
474.0 after 142 ms

File to solve = Algorithm/CVRPLib/QOBLIB/XSH-n20-k4-31.vrp
Dimension = 21
Solution approach = Memetic Algorithm

524.0 after 27 ms
506.0 after 33 ms
471.0 after 38 ms

File to solve = Algorithm/CVRPLib/QOBLIB/XSH-n20-k4-31.vrp
Dimension = 21
Solution approach = Memetic Algorithm

562.0 after 1 ms
507.0 after 6 ms
500.0 after 94 ms
474.0 after 127 ms

PROGRESS 31/55 XSH-n20-k4-31 cost=462 elapsed=168s
File to solve = Algorithm/CVRPLib/QOBLIB/XSH-n20-k4-32.vrp
Dimension = 21
Solution approach = Memetic Algorithm

919.0 after 18 ms
897.0 after 29 ms
889.0 after 119 ms
887.0 after 121 ms

File to solve = Algorithm/CVRPLib/QOBLIB/XSH-n20-k4-32.vrp
Dimension = 21
Solution approach = Memetic Algorithm

931.0 after 15 ms
920.0 after 30 ms
893.0 after 121 ms
887.0 after 190 ms

File to solve = Algorithm/CVRPLib/QOBLIB/XSH-n20-k4-32.vrp
Dimension = 21
Solution approach = Memetic Algorithm

983.0 after 33 ms
955.0 after 46 ms
905.0 after 57 ms
904.0 after 233 ms
903.0 after 234 ms

File to solve = Algorithm/CVRPLib/QOBLIB/XSH-n20-k4-32.vrp
Dimension = 21
Solution approach = Memetic Algorithm

916.0 after 8 ms
910.0 after 20 ms
909.0 after 90 ms
908.0 after 153 ms

File to solve = Algorithm/CVRPLib/QOBLIB/XSH-n20-k4-32.vrp
Dimension = 21
Solution approach = Memetic Algorithm

924.0 after 8 ms
910.0 after 14 ms
882.0 after 68 ms

PROGRESS 32/55 XSH-n20-k4-32 cost=882 elapsed=171s
File to solve = Algorithm/CVRPLib/QOBLIB/XSH-n20-k4-33.vrp
Dimension = 21
Solution approach = Memetic Algorithm

711.0 after 32 ms
695.0 after 37 ms
694.0 after 75 ms
679.0 after 153 ms
668.0 after 206 ms
665.0 after 258 ms
643.0 after 300 ms
635.0 after 301 ms
620.0 after 305 ms

File to solve = Algorithm/CVRPLib/QOBLIB/XSH-n20-k4-33.vrp
Dimension = 21
Solution approach = Memetic Algorithm

732.0 after 12 ms
730.0 after 28 ms
711.0 after 34 ms
703.0 after 46 ms
633.0 after 67 ms
627.0 after 227 ms
621.0 after 228 ms
570.0 after 238 ms

File to solve = Algorithm/CVRPLib/QOBLIB/XSH-n20-k4-33.vrp
Dimension = 21
Solution approach = Memetic Algorithm

643.0 after 4 ms
619.0 after 21 ms
612.0 after 128 ms
599.0 after 148 ms

File to solve = Algorithm/CVRPLib/QOBLIB/XSH-n20-k4-33.vrp
Dimension = 21
Solution approach = Memetic Algorithm

811.0 after 14 ms
709.0 after 24 ms
658.0 after 43 ms
620.0 after 49 ms
614.0 after 155 ms
571.0 after 160 ms

File to solve = Algorithm/CVRPLib/QOBLIB/XSH-n20-k4-33.vrp
Dimension = 21
Solution approach = Memetic Algorithm

643.0 after 8 ms
641.0 after 68 ms
601.0 after 185 ms
599.0 after 231 ms

PROGRESS 33/55 XSH-n20-k4-33 cost=570 elapsed=176s
File to solve = Algorithm/CVRPLib/QOBLIB/XSH-n20-k4-34.vrp
Dimension = 21
Solution approach = Memetic Algorithm

File to solve = Algorithm/CVRPLib/QOBLIB/XSH-n20-k4-34.vrp
Dimension = 21
Solution approach = Memetic Algorithm

File to solve = Algorithm/CVRPLib/QOBLIB/XSH-n20-k4-34.vrp
Dimension = 21
Solution approach = Memetic Algorithm

File to solve = Algorithm/CVRPLib/QOBLIB/XSH-n20-k4-34.vrp
Dimension = 21
Solution approach = Memetic Algorithm

File to solve = Algorithm/CVRPLib/QOBLIB/XSH-n20-k4-34.vrp
Dimension = 21
Solution approach = Memetic Algorithm

File to solve = Algorithm/CVRPLib/QOBLIB/XSH-n20-k4-34.vrp
Dimension = 21
Solution approach = Memetic Algorithm

File to solve = Algorithm/CVRPLib/QOBLIB/XSH-n20-k4-34.vrp
Dimension = 21
Solution approach = Memetic Algorithm

1118.0 after 18 ms
1043.0 after 159 ms
1010.0 after 176 ms
977.0 after 241 ms
931.0 after 396 ms
893.0 after 547 ms

File to solve = Algorithm/CVRPLib/QOBLIB/XSH-n20-k4-34.vrp
Dimension = 21
Solution approach = Memetic Algorithm

File to solve = Algorithm/CVRPLib/QOBLIB/XSH-n20-k4-34.vrp
Dimension = 21
Solution approach = Memetic Algorithm

File to solve = Algorithm/CVRPLib/QOBLIB/XSH-n20-k4-34.vrp
Dimension = 21
Solution approach = Memetic Algorithm

File to solve = Algorithm/CVRPLib/QOBLIB/XSH-n20-k4-34.vrp
Dimension = 21
Solution approach = Memetic Algorithm

File to solve = Algorithm/CVRPLib/QOBLIB/XSH-n20-k4-34.vrp
Dimension = 21
Solution approach = Memetic Algorithm

941.0 after 25 ms
893.0 after 313 ms

File to solve = Algorithm/CVRPLib/QOBLIB/XSH-n20-k4-34.vrp
Dimension = 21
Solution approach = Memetic Algorithm

1043.0 after 22 ms
1028.0 after 33 ms
1010.0 after 44 ms
963.0 after 161 ms
934.0 after 200 ms
893.0 after 522 ms

File to solve = Algorithm/CVRPLib/QOBLIB/XSH-n20-k4-34.vrp
Dimension = 21
Solution approach = Memetic Algorithm

File to solve = Algorithm/CVRPLib/QOBLIB/XSH-n20-k4-34.vrp
Dimension = 21
Solution approach = Memetic Algorithm

File to solve = Algorithm/CVRPLib/QOBLIB/XSH-n20-k4-34.vrp
Dimension = 21
Solution approach = Memetic Algorithm

File to solve = Algorithm/CVRPLib/QOBLIB/XSH-n20-k4-34.vrp
Dimension = 21
Solution approach = Memetic Algorithm

1011.0 after 8 ms
948.0 after 112 ms
907.0 after 244 ms

File to solve = Algorithm/CVRPLib/QOBLIB/XSH-n20-k4-34.vrp
Dimension = 21
Solution approach = Memetic Algorithm

1016.0 after 11 ms
968.0 after 144 ms
893.0 after 210 ms

PROGRESS 34/55 XSH-n20-k4-34 cost=893 elapsed=184s
File to solve = Algorithm/CVRPLib/QOBLIB/XSH-n20-k4-35.vrp
Dimension = 21
Solution approach = Memetic Algorithm

887.0 after 17 ms
877.0 after 24 ms
832.0 after 25 ms
815.0 after 41 ms
775.0 after 91 ms
747.0 after 291 ms

File to solve = Algorithm/CVRPLib/QOBLIB/XSH-n20-k4-35.vrp
Dimension = 21
Solution approach = Memetic Algorithm

958.0 after 48 ms
908.0 after 56 ms
846.0 after 95 ms
815.0 after 265 ms
794.0 after 267 ms
782.0 after 309 ms

File to solve = Algorithm/CVRPLib/QOBLIB/XSH-n20-k4-35.vrp
Dimension = 21
Solution approach = Memetic Algorithm

File to solve = Algorithm/CVRPLib/QOBLIB/XSH-n20-k4-35.vrp
Dimension = 21
Solution approach = Memetic Algorithm

834.0 after 10 ms
806.0 after 13 ms
777.0 after 263 ms

File to solve = Algorithm/CVRPLib/QOBLIB/XSH-n20-k4-35.vrp
Dimension = 21
Solution approach = Memetic Algorithm

904.0 after 17 ms
869.0 after 83 ms
861.0 after 132 ms
823.0 after 162 ms
805.0 after 378 ms
757.0 after 541 ms
747.0 after 543 ms

File to solve = Algorithm/CVRPLib/QOBLIB/XSH-n20-k4-35.vrp
Dimension = 21
Solution approach = Memetic Algorithm

File to solve = Algorithm/CVRPLib/QOBLIB/XSH-n20-k4-35.vrp
Dimension = 21
Solution approach = Memetic Algorithm

881.0 after 13 ms
842.0 after 14 ms
830.0 after 124 ms
801.0 after 214 ms

PROGRESS 35/55 XSH-n20-k4-35 cost=747 elapsed=189s
File to solve = Algorithm/CVRPLib/QOBLIB/XSH-n20-k4-36.vrp
Dimension = 21
Solution approach = Memetic Algorithm

716.0 after 4 ms
685.0 after 293 ms
663.0 after 306 ms
662.0 after 310 ms
654.0 after 317 ms

File to solve = Algorithm/CVRPLib/QOBLIB/XSH-n20-k4-36.vrp
Dimension = 21
Solution approach = Memetic Algorithm

854.0 after 4 ms
757.0 after 14 ms
740.0 after 23 ms
665.0 after 31 ms
647.0 after 116 ms

File to solve = Algorithm/CVRPLib/QOBLIB/XSH-n20-k4-36.vrp
Dimension = 21
Solution approach = Memetic Algorithm

681.0 after 20 ms
660.0 after 24 ms
647.0 after 30 ms

File to solve = Algorithm/CVRPLib/QOBLIB/XSH-n20-k4-36.vrp
Dimension = 21
Solution approach = Memetic Algorithm

759.0 after 1 ms
752.0 after 17 ms
739.0 after 78 ms
677.0 after 124 ms
666.0 after 252 ms

File to solve = Algorithm/CVRPLib/QOBLIB/XSH-n20-k4-36.vrp
Dimension = 21
Solution approach = Memetic Algorithm

685.0 after 24 ms
676.0 after 77 ms
670.0 after 247 ms
669.0 after 268 ms

PROGRESS 36/55 XSH-n20-k4-36 cost=647 elapsed=193s
File to solve = Algorithm/CVRPLib/QOBLIB/XSH-n20-k4-37.vrp
Dimension = 21
Solution approach = Memetic Algorithm

File to solve = Algorithm/CVRPLib/QOBLIB/XSH-n20-k4-37.vrp
Dimension = 21
Solution approach = Memetic Algorithm

852.0 after 29 ms
754.0 after 53 ms
732.0 after 83 ms
730.0 after 142 ms
729.0 after 414 ms
711.0 after 549 ms

File to solve = Algorithm/CVRPLib/QOBLIB/XSH-n20-k4-37.vrp
Dimension = 21
Solution approach = Memetic Algorithm

855.0 after 11 ms
819.0 after 13 ms
813.0 after 27 ms
700.0 after 30 ms
650.0 after 562 ms

File to solve = Algorithm/CVRPLib/QOBLIB/XSH-n20-k4-37.vrp
Dimension = 21
Solution approach = Memetic Algorithm

File to solve = Algorithm/CVRPLib/QOBLIB/XSH-n20-k4-37.vrp
Dimension = 21
Solution approach = Memetic Algorithm

File to solve = Algorithm/CVRPLib/QOBLIB/XSH-n20-k4-37.vrp
Dimension = 21
Solution approach = Memetic Algorithm

774.0 after 32 ms
764.0 after 111 ms
751.0 after 118 ms
710.0 after 125 ms

File to solve = Algorithm/CVRPLib/QOBLIB/XSH-n20-k4-37.vrp
Dimension = 21
Solution approach = Memetic Algorithm

File to solve = Algorithm/CVRPLib/QOBLIB/XSH-n20-k4-37.vrp
Dimension = 21
Solution approach = Memetic Algorithm

743.0 after 26 ms
735.0 after 144 ms
679.0 after 283 ms
662.0 after 537 ms

File to solve = Algorithm/CVRPLib/QOBLIB/XSH-n20-k4-37.vrp
Dimension = 21
Solution approach = Memetic Algorithm

801.0 after 35 ms
678.0 after 57 ms

PROGRESS 37/55 XSH-n20-k4-37 cost=650 elapsed=198s
File to solve = Algorithm/CVRPLib/QOBLIB/XSH-n20-k4-38.vrp
Dimension = 21
Solution approach = Memetic Algorithm

1112.0 after 2 ms
1069.0 after 21 ms
1068.0 after 76 ms
1055.0 after 113 ms
1049.0 after 115 ms

File to solve = Algorithm/CVRPLib/QOBLIB/XSH-n20-k4-38.vrp
Dimension = 21
Solution approach = Memetic Algorithm

1124.0 after 5 ms
1069.0 after 6 ms
1068.0 after 40 ms
1064.0 after 75 ms
1050.0 after 79 ms

File to solve = Algorithm/CVRPLib/QOBLIB/XSH-n20-k4-38.vrp
Dimension = 21
Solution approach = Memetic Algorithm

1140.0 after 14 ms
1081.0 after 21 ms
1061.0 after 29 ms
1038.0 after 53 ms
998.0 after 312 ms

File to solve = Algorithm/CVRPLib/QOBLIB/XSH-n20-k4-38.vrp
Dimension = 21
Solution approach = Memetic Algorithm

1112.0 after 6 ms
1068.0 after 8 ms
1067.0 after 14 ms
1038.0 after 22 ms
998.0 after 174 ms

File to solve = Algorithm/CVRPLib/QOBLIB/XSH-n20-k4-38.vrp
Dimension = 21
Solution approach = Memetic Algorithm

1033.0 after 4 ms

PROGRESS 38/55 XSH-n20-k4-38 cost=998 elapsed=202s
File to solve = Algorithm/CVRPLib/QOBLIB/XSH-n20-k4-39.vrp
Dimension = 21
Solution approach = Memetic Algorithm

908.0 after 2 ms
812.0 after 11 ms
753.0 after 58 ms

File to solve = Algorithm/CVRPLib/QOBLIB/XSH-n20-k4-39.vrp
Dimension = 21
Solution approach = Memetic Algorithm

931.0 after 11 ms
875.0 after 15 ms
863.0 after 15 ms
862.0 after 15 ms
781.0 after 42 ms
748.0 after 66 ms

File to solve = Algorithm/CVRPLib/QOBLIB/XSH-n20-k4-39.vrp
Dimension = 21
Solution approach = Memetic Algorithm

948.0 after 2 ms
860.0 after 15 ms
799.0 after 253 ms
798.0 after 334 ms
764.0 after 359 ms

File to solve = Algorithm/CVRPLib/QOBLIB/XSH-n20-k4-39.vrp
Dimension = 21
Solution approach = Memetic Algorithm

944.0 after 17 ms
917.0 after 29 ms
857.0 after 29 ms
851.0 after 42 ms
813.0 after 47 ms
769.0 after 225 ms
768.0 after 260 ms
741.0 after 267 ms

File to solve = Algorithm/CVRPLib/QOBLIB/XSH-n20-k4-39.vrp
Dimension = 21
Solution approach = Memetic Algorithm

866.0 after 2 ms
850.0 after 7 ms
832.0 after 8 ms
748.0 after 52 ms

PROGRESS 39/55 XSH-n20-k4-39 cost=741 elapsed=207s
File to solve = Algorithm/CVRPLib/QOBLIB/XSH-n20-k4-40.vrp
Dimension = 21
Solution approach = Memetic Algorithm

953.0 after 11 ms
885.0 after 19 ms
842.0 after 20 ms
831.0 after 110 ms
771.0 after 206 ms
742.0 after 208 ms
713.0 after 887 ms
700.0 after 889 ms

File to solve = Algorithm/CVRPLib/QOBLIB/XSH-n20-k4-40.vrp
Dimension = 21
Solution approach = Memetic Algorithm

887.0 after 2 ms
701.0 after 7 ms
700.0 after 147 ms

File to solve = Algorithm/CVRPLib/QOBLIB/XSH-n20-k4-40.vrp
Dimension = 21
Solution approach = Memetic Algorithm

821.0 after 22 ms
820.0 after 24 ms
814.0 after 81 ms
793.0 after 274 ms

File to solve = Algorithm/CVRPLib/QOBLIB/XSH-n20-k4-40.vrp
Dimension = 21
Solution approach = Memetic Algorithm

818.0 after 6 ms
771.0 after 85 ms
751.0 after 149 ms

File to solve = Algorithm/CVRPLib/QOBLIB/XSH-n20-k4-40.vrp
Dimension = 21
Solution approach = Memetic Algorithm

943.0 after 32 ms
928.0 after 38 ms
908.0 after 44 ms
865.0 after 74 ms
843.0 after 74 ms
840.0 after 93 ms
793.0 after 158 ms
765.0 after 169 ms
762.0 after 171 ms

PROGRESS 40/55 XSH-n20-k4-40 cost=700 elapsed=211s
File to solve = Algorithm/CVRPLib/QOBLIB/XSH-n20-k4-41.vrp
Dimension = 21
Solution approach = Memetic Algorithm

878.0 after 10 ms
750.0 after 18 ms
743.0 after 22 ms

File to solve = Algorithm/CVRPLib/QOBLIB/XSH-n20-k4-41.vrp
Dimension = 21
Solution approach = Memetic Algorithm

895.0 after 2 ms
859.0 after 80 ms
744.0 after 127 ms
743.0 after 189 ms

File to solve = Algorithm/CVRPLib/QOBLIB/XSH-n20-k4-41.vrp
Dimension = 21
Solution approach = Memetic Algorithm

926.0 after 13 ms
897.0 after 22 ms
888.0 after 78 ms
758.0 after 109 ms
746.0 after 114 ms
743.0 after 241 ms

File to solve = Algorithm/CVRPLib/QOBLIB/XSH-n20-k4-41.vrp
Dimension = 21
Solution approach = Memetic Algorithm

759.0 after 6 ms
748.0 after 23 ms
743.0 after 140 ms

File to solve = Algorithm/CVRPLib/QOBLIB/XSH-n20-k4-41.vrp
Dimension = 21
Solution approach = Memetic Algorithm

902.0 after 28 ms
900.0 after 29 ms
865.0 after 35 ms
859.0 after 263 ms
769.0 after 794 ms
745.0 after 797 ms

PROGRESS 41/55 XSH-n20-k4-41 cost=743 elapsed=216s
File to solve = Algorithm/CVRPLib/QOBLIB/XSH-n20-k4-42.vrp
Dimension = 21
Solution approach = Memetic Algorithm

1065.0 after 24 ms
1045.0 after 72 ms
1041.0 after 537 ms

File to solve = Algorithm/CVRPLib/QOBLIB/XSH-n20-k4-42.vrp
Dimension = 21
Solution approach = Memetic Algorithm

1085.0 after 22 ms
1039.0 after 30 ms

File to solve = Algorithm/CVRPLib/QOBLIB/XSH-n20-k4-42.vrp
Dimension = 21
Solution approach = Memetic Algorithm

1080.0 after 4 ms
1040.0 after 58 ms

File to solve = Algorithm/CVRPLib/QOBLIB/XSH-n20-k4-42.vrp
Dimension = 21
Solution approach = Memetic Algorithm

1085.0 after 4 ms
1080.0 after 119 ms
1056.0 after 172 ms
1048.0 after 286 ms
1038.0 after 672 ms

File to solve = Algorithm/CVRPLib/QOBLIB/XSH-n20-k4-42.vrp
Dimension = 21
Solution approach = Memetic Algorithm

File to solve = Algorithm/CVRPLib/QOBLIB/XSH-n20-k4-42.vrp
Dimension = 21
Solution approach = Memetic Algorithm

1156.0 after 13 ms
1146.0 after 17 ms
1105.0 after 25 ms
1080.0 after 110 ms
1062.0 after 169 ms
1061.0 after 189 ms
1054.0 after 240 ms
1053.0 after 388 ms
1046.0 after 389 ms

PROGRESS 42/55 XSH-n20-k4-42 cost=1038 elapsed=221s
File to solve = Algorithm/CVRPLib/QOBLIB/XSH-n20-k4-43.vrp
Dimension = 21
Solution approach = Memetic Algorithm

584.0 after 2 ms
575.0 after 24 ms
537.0 after 26 ms
505.0 after 62 ms
465.0 after 180 ms

File to solve = Algorithm/CVRPLib/QOBLIB/XSH-n20-k4-43.vrp
Dimension = 21
Solution approach = Memetic Algorithm

557.0 after 8 ms
505.0 after 51 ms
465.0 after 659 ms

File to solve = Algorithm/CVRPLib/QOBLIB/XSH-n20-k4-43.vrp
Dimension = 21
Solution approach = Memetic Algorithm

604.0 after 5 ms
558.0 after 9 ms
505.0 after 27 ms
500.0 after 304 ms

File to solve = Algorithm/CVRPLib/QOBLIB/XSH-n20-k4-43.vrp
Dimension = 21
Solution approach = Memetic Algorithm

565.0 after 1 ms
547.0 after 14 ms
545.0 after 32 ms
520.0 after 35 ms
514.0 after 128 ms
502.0 after 130 ms

File to solve = Algorithm/CVRPLib/QOBLIB/XSH-n20-k4-43.vrp
Dimension = 21
Solution approach = Memetic Algorithm

572.0 after 80 ms
568.0 after 167 ms
547.0 after 245 ms

PROGRESS 43/55 XSH-n20-k4-43 cost=465 elapsed=225s
File to solve = Algorithm/CVRPLib/QOBLIB/XSH-n20-k4-44.vrp
Dimension = 21
Solution approach = Memetic Algorithm

1059.0 after 23 ms
1004.0 after 54 ms

File to solve = Algorithm/CVRPLib/QOBLIB/XSH-n20-k4-44.vrp
Dimension = 21
Solution approach = Memetic Algorithm

1048.0 after 4 ms
1043.0 after 12 ms
1042.0 after 13 ms
1035.0 after 46 ms
1031.0 after 77 ms
1030.0 after 84 ms
1028.0 after 94 ms

File to solve = Algorithm/CVRPLib/QOBLIB/XSH-n20-k4-44.vrp
Dimension = 21
Solution approach = Memetic Algorithm

1098.0 after 2 ms
1050.0 after 8 ms
1033.0 after 11 ms
1004.0 after 23 ms

File to solve = Algorithm/CVRPLib/QOBLIB/XSH-n20-k4-44.vrp
Dimension = 21
Solution approach = Memetic Algorithm

1006.0 after 2 ms
1004.0 after 76 ms

File to solve = Algorithm/CVRPLib/QOBLIB/XSH-n20-k4-44.vrp
Dimension = 21
Solution approach = Memetic Algorithm

1028.0 after 4 ms

PROGRESS 44/55 XSH-n20-k4-44 cost=1004 elapsed=228s
File to solve = Algorithm/CVRPLib/QOBLIB/XSH-n20-k4-45.vrp
Dimension = 21
Solution approach = Memetic Algorithm

1243.0 after 14 ms
1161.0 after 38 ms
1159.0 after 82 ms
1090.0 after 98 ms

File to solve = Algorithm/CVRPLib/QOBLIB/XSH-n20-k4-45.vrp
Dimension = 21
Solution approach = Memetic Algorithm

1155.0 after 4 ms
1132.0 after 293 ms
1124.0 after 615 ms

File to solve = Algorithm/CVRPLib/QOBLIB/XSH-n20-k4-45.vrp
Dimension = 21
Solution approach = Memetic Algorithm

1195.0 after 18 ms
1136.0 after 23 ms
1124.0 after 219 ms
1071.0 after 232 ms

File to solve = Algorithm/CVRPLib/QOBLIB/XSH-n20-k4-45.vrp
Dimension = 21
Solution approach = Memetic Algorithm

1132.0 after 2 ms
1124.0 after 51 ms
1115.0 after 59 ms

File to solve = Algorithm/CVRPLib/QOBLIB/XSH-n20-k4-45.vrp
Dimension = 21
Solution approach = Memetic Algorithm

File to solve = Algorithm/CVRPLib/QOBLIB/XSH-n20-k4-45.vrp
Dimension = 21
Solution approach = Memetic Algorithm

1220.0 after 8 ms
1155.0 after 27 ms
1136.0 after 66 ms
1079.0 after 149 ms
1071.0 after 231 ms

PROGRESS 45/55 XSH-n20-k4-45 cost=1071 elapsed=233s
File to solve = Algorithm/CVRPLib/QOBLIB/XSH-n20-k4-46.vrp
Dimension = 21
Solution approach = Memetic Algorithm

900.0 after 2 ms
862.0 after 6 ms
838.0 after 12 ms
823.0 after 72 ms
819.0 after 119 ms

File to solve = Algorithm/CVRPLib/QOBLIB/XSH-n20-k4-46.vrp
Dimension = 21
Solution approach = Memetic Algorithm

902.0 after 1 ms
865.0 after 17 ms
862.0 after 29 ms
856.0 after 131 ms
841.0 after 331 ms
839.0 after 405 ms

File to solve = Algorithm/CVRPLib/QOBLIB/XSH-n20-k4-46.vrp
Dimension = 21
Solution approach = Memetic Algorithm

867.0 after 1 ms
833.0 after 10 ms
820.0 after 26 ms
819.0 after 134 ms

File to solve = Algorithm/CVRPLib/QOBLIB/XSH-n20-k4-46.vrp
Dimension = 21
Solution approach = Memetic Algorithm

860.0 after 11 ms
859.0 after 29 ms
817.0 after 65 ms

File to solve = Algorithm/CVRPLib/QOBLIB/XSH-n20-k4-46.vrp
Dimension = 21
Solution approach = Memetic Algorithm

885.0 after 18 ms
852.0 after 24 ms
837.0 after 31 ms
834.0 after 76 ms
831.0 after 162 ms
830.0 after 163 ms

PROGRESS 46/55 XSH-n20-k4-46 cost=817 elapsed=237s
File to solve = Algorithm/CVRPLib/QOBLIB/XSH-n20-k4-47.vrp
Dimension = 21
Solution approach = Memetic Algorithm

714.0 after 7 ms
712.0 after 12 ms
650.0 after 23 ms
615.0 after 24 ms
587.0 after 41 ms
585.0 after 352 ms

File to solve = Algorithm/CVRPLib/QOBLIB/XSH-n20-k4-47.vrp
Dimension = 21
Solution approach = Memetic Algorithm

663.0 after 6 ms
639.0 after 70 ms
611.0 after 189 ms
609.0 after 229 ms
592.0 after 233 ms

File to solve = Algorithm/CVRPLib/QOBLIB/XSH-n20-k4-47.vrp
Dimension = 21
Solution approach = Memetic Algorithm

737.0 after 52 ms
647.0 after 63 ms
644.0 after 202 ms
634.0 after 384 ms
600.0 after 493 ms
592.0 after 495 ms

File to solve = Algorithm/CVRPLib/QOBLIB/XSH-n20-k4-47.vrp
Dimension = 21
Solution approach = Memetic Algorithm

657.0 after 12 ms
604.0 after 37 ms
591.0 after 113 ms

File to solve = Algorithm/CVRPLib/QOBLIB/XSH-n20-k4-47.vrp
Dimension = 21
Solution approach = Memetic Algorithm

720.0 after 6 ms
719.0 after 22 ms
620.0 after 44 ms
619.0 after 62 ms
610.0 after 77 ms
592.0 after 112 ms

PROGRESS 47/55 XSH-n20-k4-47 cost=585 elapsed=241s
File to solve = Algorithm/CVRPLib/QOBLIB/XSH-n20-k4-48.vrp
Dimension = 21
Solution approach = Memetic Algorithm

596.0 after 1 ms
590.0 after 4 ms
581.0 after 35 ms
561.0 after 37 ms
559.0 after 92 ms

File to solve = Algorithm/CVRPLib/QOBLIB/XSH-n20-k4-48.vrp
Dimension = 21
Solution approach = Memetic Algorithm

575.0 after 2 ms
551.0 after 7 ms

File to solve = Algorithm/CVRPLib/QOBLIB/XSH-n20-k4-48.vrp
Dimension = 21
Solution approach = Memetic Algorithm

610.0 after 17 ms
564.0 after 26 ms
563.0 after 117 ms

File to solve = Algorithm/CVRPLib/QOBLIB/XSH-n20-k4-48.vrp
Dimension = 21
Solution approach = Memetic Algorithm

581.0 after 7 ms
575.0 after 26 ms
569.0 after 27 ms
562.0 after 30 ms
555.0 after 36 ms
551.0 after 59 ms
544.0 after 288 ms

File to solve = Algorithm/CVRPLib/QOBLIB/XSH-n20-k4-48.vrp
Dimension = 21
Solution approach = Memetic Algorithm

552.0 after 1 ms
551.0 after 41 ms

PROGRESS 48/55 XSH-n20-k4-48 cost=544 elapsed=245s
File to solve = Algorithm/CVRPLib/QOBLIB/XSH-n20-k4-49.vrp
Dimension = 21
Solution approach = Memetic Algorithm

1171.0 after 1 ms
1084.0 after 7 ms
1082.0 after 19 ms
1079.0 after 21 ms
1075.0 after 41 ms
1073.0 after 79 ms

File to solve = Algorithm/CVRPLib/QOBLIB/XSH-n20-k4-49.vrp
Dimension = 21
Solution approach = Memetic Algorithm

1258.0 after 7 ms
1084.0 after 8 ms
1079.0 after 96 ms
1073.0 after 196 ms

File to solve = Algorithm/CVRPLib/QOBLIB/XSH-n20-k4-49.vrp
Dimension = 21
Solution approach = Memetic Algorithm

1222.0 after 4 ms
1158.0 after 7 ms
1082.0 after 12 ms
1078.0 after 15 ms
1049.0 after 84 ms

File to solve = Algorithm/CVRPLib/QOBLIB/XSH-n20-k4-49.vrp
Dimension = 21
Solution approach = Memetic Algorithm

1084.0 after 24 ms
1080.0 after 38 ms
1079.0 after 66 ms
1073.0 after 290 ms

File to solve = Algorithm/CVRPLib/QOBLIB/XSH-n20-k4-49.vrp
Dimension = 21
Solution approach = Memetic Algorithm

1233.0 after 8 ms
1231.0 after 38 ms
1187.0 after 43 ms
1164.0 after 47 ms
1153.0 after 106 ms
1119.0 after 132 ms
1079.0 after 137 ms
1078.0 after 163 ms
1073.0 after 348 ms

PROGRESS 49/55 XSH-n20-k4-49 cost=1049 elapsed=249s
File to solve = Algorithm/CVRPLib/QOBLIB/XSH-n20-k4-50.vrp
Dimension = 21
Solution approach = Memetic Algorithm

887.0 after 4 ms
871.0 after 27 ms
797.0 after 76 ms
661.0 after 223 ms

File to solve = Algorithm/CVRPLib/QOBLIB/XSH-n20-k4-50.vrp
Dimension = 21
Solution approach = Memetic Algorithm

File to solve = Algorithm/CVRPLib/QOBLIB/XSH-n20-k4-50.vrp
Dimension = 21
Solution approach = Memetic Algorithm

884.0 after 10 ms
818.0 after 21 ms
776.0 after 46 ms
631.0 after 138 ms

File to solve = Algorithm/CVRPLib/QOBLIB/XSH-n20-k4-50.vrp
Dimension = 21
Solution approach = Memetic Algorithm

909.0 after 5 ms
878.0 after 14 ms
752.0 after 30 ms
733.0 after 55 ms
637.0 after 81 ms
630.0 after 216 ms
629.0 after 608 ms
627.0 after 1125 ms

File to solve = Algorithm/CVRPLib/QOBLIB/XSH-n20-k4-50.vrp
Dimension = 21
Solution approach = Memetic Algorithm

658.0 after 57 ms
639.0 after 378 ms
637.0 after 715 ms
629.0 after 717 ms

File to solve = Algorithm/CVRPLib/QOBLIB/XSH-n20-k4-50.vrp
Dimension = 21
Solution approach = Memetic Algorithm

927.0 after 2 ms
888.0 after 5 ms
878.0 after 16 ms
871.0 after 90 ms
787.0 after 119 ms
785.0 after 214 ms
651.0 after 216 ms

PROGRESS 50/55 XSH-n20-k4-50 cost=627 elapsed=254s
File to solve = Algorithm/CVRPLib/QOBLIB/XSH-n20-k4-51.vrp
Dimension = 21
Solution approach = Memetic Algorithm

619.0 after 0 ms
595.0 after 6 ms
571.0 after 33 ms
503.0 after 39 ms

File to solve = Algorithm/CVRPLib/QOBLIB/XSH-n20-k4-51.vrp
Dimension = 21
Solution approach = Memetic Algorithm

645.0 after 0 ms
585.0 after 3 ms
503.0 after 11 ms

File to solve = Algorithm/CVRPLib/QOBLIB/XSH-n20-k4-51.vrp
Dimension = 21
Solution approach = Memetic Algorithm

641.0 after 3 ms
584.0 after 3 ms
538.0 after 5 ms
503.0 after 50 ms

File to solve = Algorithm/CVRPLib/QOBLIB/XSH-n20-k4-51.vrp
Dimension = 21
Solution approach = Memetic Algorithm

573.0 after 1 ms
568.0 after 38 ms
547.0 after 534 ms

File to solve = Algorithm/CVRPLib/QOBLIB/XSH-n20-k4-51.vrp
Dimension = 21
Solution approach = Memetic Algorithm

607.0 after 2 ms
503.0 after 8 ms

PROGRESS 51/55 XSH-n20-k4-51 cost=503 elapsed=258s
File to solve = Algorithm/CVRPLib/QOBLIB/XSH-n20-k4-52.vrp
Dimension = 21
Solution approach = Memetic Algorithm

726.0 after 3 ms
661.0 after 4 ms
654.0 after 19 ms
652.0 after 187 ms
648.0 after 293 ms

File to solve = Algorithm/CVRPLib/QOBLIB/XSH-n20-k4-52.vrp
Dimension = 21
Solution approach = Memetic Algorithm

727.0 after 3 ms
648.0 after 4 ms
626.0 after 14 ms
625.0 after 45 ms

File to solve = Algorithm/CVRPLib/QOBLIB/XSH-n20-k4-52.vrp
Dimension = 21
Solution approach = Memetic Algorithm

767.0 after 1 ms
752.0 after 2 ms
711.0 after 6 ms
661.0 after 7 ms
645.0 after 37 ms

File to solve = Algorithm/CVRPLib/QOBLIB/XSH-n20-k4-52.vrp
Dimension = 21
Solution approach = Memetic Algorithm

729.0 after 1 ms
688.0 after 9 ms
672.0 after 20 ms
648.0 after 22 ms

File to solve = Algorithm/CVRPLib/QOBLIB/XSH-n20-k4-52.vrp
Dimension = 21
Solution approach = Memetic Algorithm

690.0 after 2 ms
664.0 after 5 ms
659.0 after 21 ms
655.0 after 36 ms
654.0 after 55 ms

PROGRESS 52/55 XSH-n20-k4-52 cost=625 elapsed=261s
File to solve = Algorithm/CVRPLib/QOBLIB/XSH-n20-k4-53.vrp
Dimension = 21
Solution approach = Memetic Algorithm

File to solve = Algorithm/CVRPLib/QOBLIB/XSH-n20-k4-53.vrp
Dimension = 21
Solution approach = Memetic Algorithm

File to solve = Algorithm/CVRPLib/QOBLIB/XSH-n20-k4-53.vrp
Dimension = 21
Solution approach = Memetic Algorithm

1098.0 after 66 ms
1052.0 after 120 ms
1046.0 after 604 ms
1011.0 after 1068 ms
981.0 after 1216 ms

File to solve = Algorithm/CVRPLib/QOBLIB/XSH-n20-k4-53.vrp
Dimension = 21
Solution approach = Memetic Algorithm

File to solve = Algorithm/CVRPLib/QOBLIB/XSH-n20-k4-53.vrp
Dimension = 21
Solution approach = Memetic Algorithm

1091.0 after 6 ms
1052.0 after 25 ms
1017.0 after 145 ms
999.0 after 764 ms
981.0 after 775 ms

File to solve = Algorithm/CVRPLib/QOBLIB/XSH-n20-k4-53.vrp
Dimension = 21
Solution approach = Memetic Algorithm

1108.0 after 14 ms
1046.0 after 20 ms
1044.0 after 513 ms
1034.0 after 552 ms
1033.0 after 553 ms

File to solve = Algorithm/CVRPLib/QOBLIB/XSH-n20-k4-53.vrp
Dimension = 21
Solution approach = Memetic Algorithm

File to solve = Algorithm/CVRPLib/QOBLIB/XSH-n20-k4-53.vrp
Dimension = 21
Solution approach = Memetic Algorithm

1118.0 after 57 ms
1052.0 after 134 ms
1046.0 after 149 ms
1033.0 after 314 ms

File to solve = Algorithm/CVRPLib/QOBLIB/XSH-n20-k4-53.vrp
Dimension = 21
Solution approach = Memetic Algorithm

File to solve = Algorithm/CVRPLib/QOBLIB/XSH-n20-k4-53.vrp
Dimension = 21
Solution approach = Memetic Algorithm

File to solve = Algorithm/CVRPLib/QOBLIB/XSH-n20-k4-53.vrp
Dimension = 21
Solution approach = Memetic Algorithm

File to solve = Algorithm/CVRPLib/QOBLIB/XSH-n20-k4-53.vrp
Dimension = 21
Solution approach = Memetic Algorithm

File to solve = Algorithm/CVRPLib/QOBLIB/XSH-n20-k4-53.vrp
Dimension = 21
Solution approach = Memetic Algorithm

1033.0 after 11 ms

PROGRESS 53/55 XSH-n20-k4-53 cost=981 elapsed=268s
File to solve = Algorithm/CVRPLib/QOBLIB/XSH-n20-k4-54.vrp
Dimension = 21
Solution approach = Memetic Algorithm

File to solve = Algorithm/CVRPLib/QOBLIB/XSH-n20-k4-54.vrp
Dimension = 21
Solution approach = Memetic Algorithm

903.0 after 30 ms
852.0 after 71 ms
824.0 after 462 ms
822.0 after 479 ms

File to solve = Algorithm/CVRPLib/QOBLIB/XSH-n20-k4-54.vrp
Dimension = 21
Solution approach = Memetic Algorithm

976.0 after 32 ms
871.0 after 105 ms
865.0 after 510 ms
855.0 after 513 ms
851.0 after 786 ms

File to solve = Algorithm/CVRPLib/QOBLIB/XSH-n20-k4-54.vrp
Dimension = 21
Solution approach = Memetic Algorithm

911.0 after 20 ms
901.0 after 258 ms
874.0 after 602 ms
859.0 after 1067 ms
857.0 after 1145 ms

File to solve = Algorithm/CVRPLib/QOBLIB/XSH-n20-k4-54.vrp
Dimension = 21
Solution approach = Memetic Algorithm

1067.0 after 33 ms
983.0 after 118 ms
913.0 after 175 ms
904.0 after 208 ms
806.0 after 276 ms
797.0 after 669 ms

File to solve = Algorithm/CVRPLib/QOBLIB/XSH-n20-k4-54.vrp
Dimension = 21
Solution approach = Memetic Algorithm

File to solve = Algorithm/CVRPLib/QOBLIB/XSH-n20-k4-54.vrp
Dimension = 21
Solution approach = Memetic Algorithm

920.0 after 1 ms
897.0 after 101 ms
877.0 after 580 ms
836.0 after 670 ms

PROGRESS 54/55 XSH-n20-k4-54 cost=797 elapsed=275s
File to solve = Algorithm/CVRPLib/QOBLIB/XSH-n20-k4-55.vrp
Dimension = 21
Solution approach = Memetic Algorithm

File to solve = Algorithm/CVRPLib/QOBLIB/XSH-n20-k4-55.vrp
Dimension = 21
Solution approach = Memetic Algorithm

File to solve = Algorithm/CVRPLib/QOBLIB/XSH-n20-k4-55.vrp
Dimension = 21
Solution approach = Memetic Algorithm

File to solve = Algorithm/CVRPLib/QOBLIB/XSH-n20-k4-55.vrp
Dimension = 21
Solution approach = Memetic Algorithm

File to solve = Algorithm/CVRPLib/QOBLIB/XSH-n20-k4-55.vrp
Dimension = 21
Solution approach = Memetic Algorithm

File to solve = Algorithm/CVRPLib/QOBLIB/XSH-n20-k4-55.vrp
Dimension = 21
Solution approach = Memetic Algorithm

File to solve = Algorithm/CVRPLib/QOBLIB/XSH-n20-k4-55.vrp
Dimension = 21
Solution approach = Memetic Algorithm

File to solve = Algorithm/CVRPLib/QOBLIB/XSH-n20-k4-55.vrp
Dimension = 21
Solution approach = Memetic Algorithm

File to solve = Algorithm/CVRPLib/QOBLIB/XSH-n20-k4-55.vrp
Dimension = 21
Solution approach = Memetic Algorithm

893.0 after 46 ms
769.0 after 524 ms
746.0 after 792 ms
742.0 after 1781 ms
741.0 after 2155 ms

File to solve = Algorithm/CVRPLib/QOBLIB/XSH-n20-k4-55.vrp
Dimension = 21
Solution approach = Memetic Algorithm

File to solve = Algorithm/CVRPLib/QOBLIB/XSH-n20-k4-55.vrp
Dimension = 21
Solution approach = Memetic Algorithm

File to solve = Algorithm/CVRPLib/QOBLIB/XSH-n20-k4-55.vrp
Dimension = 21
Solution approach = Memetic Algorithm

File to solve = Algorithm/CVRPLib/QOBLIB/XSH-n20-k4-55.vrp
Dimension = 21
Solution approach = Memetic Algorithm

File to solve = Algorithm/CVRPLib/QOBLIB/XSH-n20-k4-55.vrp
Dimension = 21
Solution approach = Memetic Algorithm

851.0 after 6 ms
708.0 after 12 ms
673.0 after 780 ms

File to solve = Algorithm/CVRPLib/QOBLIB/XSH-n20-k4-55.vrp
Dimension = 21
Solution approach = Memetic Algorithm

File to solve = Algorithm/CVRPLib/QOBLIB/XSH-n20-k4-55.vrp
Dimension = 21
Solution approach = Memetic Algorithm

773.0 after 28 ms
737.0 after 147 ms
671.0 after 875 ms
659.0 after 1351 ms
652.0 after 1682 ms

File to solve = Algorithm/CVRPLib/QOBLIB/XSH-n20-k4-55.vrp
Dimension = 21
Solution approach = Memetic Algorithm

818.0 after 44 ms
800.0 after 216 ms
799.0 after 280 ms
758.0 after 292 ms
757.0 after 667 ms
725.0 after 686 ms
635.0 after 1332 ms

File to solve = Algorithm/CVRPLib/QOBLIB/XSH-n20-k4-55.vrp
Dimension = 21
Solution approach = Memetic Algorithm

File to solve = Algorithm/CVRPLib/QOBLIB/XSH-n20-k4-55.vrp
Dimension = 21
Solution approach = Memetic Algorithm

859.0 after 13 ms
844.0 after 109 ms
748.0 after 214 ms
747.0 after 1926 ms
744.0 after 2241 ms
668.0 after 2246 ms
652.0 after 2640 ms

PROGRESS 55/55 XSH-n20-k4-55 cost=635 elapsed=288s
DONE in 288s
