File to solve = Algorithm/CVRPLib/QOBLIB/XSH-n20-k4-01.vrp
Dimension = 21
Solution approach = Memetic Algorithm

File to solve = Algorithm/CVRPLib/QOBLIB/XSH-n20-k4-01.vrp
Dimension = 21
Solution approach = Memetic Algorithm

File to solve = Algorithm/CVRPLib/QOBLIB/XSH-n20-k4-01.vrp
Dimension = 21
Solution approach = Memetic Algorithm

File to solve = Algorithm/CVRPLib/QOBLIB/XSH-n20-k4-01.vrp
Dimension = 21
Solution approach = Memetic Algorithm

File to solve = Algorithm/CVRPLib/QOBLIB/XSH-n20-k4-01.vrp
Dimension = 21
Solution approach = Memetic Algorithm

776.0 after 39 ms
742.0 after 247 ms
738.0 after 609 ms
659.0 after 804 ms

File to solve = Algorithm/CVRPLib/QOBLIB/XSH-n20-k4-01.vrp
Dimension = 21
Solution approach = Memetic Algorithm

791.0 after 28 ms
786.0 after 76 ms
780.0 after 79 ms
778.0 after 103 ms
769.0 after 124 ms
689.0 after 307 ms
678.0 after 408 ms
667.0 after 447 ms

File to solve = Algorithm/CVRPLib/QOBLIB/XSH-n20-k4-01.vrp
Dimension = 21
Solution approach = Memetic Algorithm

849.0 after 12 ms
819.0 after 44 ms
800.0 after 63 ms
690.0 after 82 ms
686.0 after 294 ms
648.0 after 300 ms

File to solve = Algorithm/CVRPLib/QOBLIB/XSH-n20-k4-01.vrp
Dimension = 21
Solution approach = Memetic Algorithm

File to solve = Algorithm/CVRPLib/QOBLIB/XSH-n20-k4-01.vrp
Dimension = 21
Solution approach = Memetic Algorithm

File to solve = Algorithm/CVRPLib/QOBLIB/XSH-n20-k4-01.vrp
Dimension = 21
Solution approach = Memetic Algorithm

File to solve = Algorithm/CVRPLib/QOBLIB/XSH-n20-k4-01.vrp
Dimension = 21
Solution approach = Memetic Algorithm

787.0 after 4 ms
728.0 after 11 ms
717.0 after 177 ms
683.0 after 238 ms

File to solve = Algorithm/CVRPLib/QOBLIB/XSH-n20-k4-01.vrp
Dimension = 21
Solution approach = Memetic Algorithm

814.0 after 8 ms
786.0 after 27 ms
781.0 after 37 ms
746.0 after 64 ms
724.0 after 137 ms

PROGRESS 1/55 XSH-n20-k4-01 cost=648 elapsed=5s
File to solve = Algorithm/CVRPLib/QOBLIB/XSH-n20-k4-02.vrp
Dimension = 21
Solution approach = Memetic Algorithm

716.0 after 3 ms
683.0 after 5 ms
677.0 after 72 ms

File to solve = Algorithm/CVRPLib/QOBLIB/XSH-n20-k4-02.vrp
Dimension = 21
Solution approach = Memetic Algorithm

761.0 after 1 ms
741.0 after 2 ms
675.0 after 6 ms
665.0 after 12 ms
658.0 after 16 ms

File to solve = Algorithm/CVRPLib/QOBLIB/XSH-n20-k4-02.vrp
Dimension = 21
Solution approach = Memetic Algorithm

786.0 after 1 ms
754.0 after 3 ms
720.0 after 7 ms
692.0 after 16 ms
659.0 after 22 ms

File to solve = Algorithm/CVRPLib/QOBLIB/XSH-n20-k4-02.vrp
Dimension = 21
Solution approach = Memetic Algorithm

848.0 after 2 ms
783.0 after 4 ms
777.0 after 5 ms
775.0 after 6 ms
693.0 after 8 ms
686.0 after 23 ms

File to solve = Algorithm/CVRPLib/QOBLIB/XSH-n20-k4-02.vrp
Dimension = 21
Solution approach = Memetic Algorithm

689.0 after 1 ms
688.0 after 5 ms
683.0 after 14 ms
680.0 after 18 ms
677.0 after 19 ms
675.0 after 22 ms
658.0 after 77 ms

PROGRESS 2/55 XSH-n20-k4-02 cost=658 elapsed=9s
File to solve = Algorithm/CVRPLib/QOBLIB/XSH-n20-k4-03.vrp
Dimension = 21
Solution approach = Memetic Algorithm

552.0 after 10 ms
520.0 after 35 ms

File to solve = Algorithm/CVRPLib/QOBLIB/XSH-n20-k4-03.vrp
Dimension = 21
Solution approach = Memetic Algorithm

File to solve = Algorithm/CVRPLib/QOBLIB/XSH-n20-k4-03.vrp
Dimension = 21
Solution approach = Memetic Algorithm

545.0 after 13 ms
533.0 after 63 ms
529.0 after 279 ms
527.0 after 280 ms

File to solve = Algorithm/CVRPLib/QOBLIB/XSH-n20-k4-03.vrp
Dimension = 21
Solution approach = Memetic Algorithm

File to solve = Algorithm/CVRPLib/QOBLIB/XSH-n20-k4-03.vrp
Dimension = 21
Solution approach = Memetic Algorithm

620.0 after 3 ms
559.0 after 55 ms
528.0 after 177 ms

File to solve = Algorithm/CVRPLib/QOBLIB/XSH-n20-k4-03.vrp
Dimension = 21
Solution approach = Memetic Algorithm

583.0 after 10 ms
573.0 after 32 ms
520.0 after 48 ms

File to solve = Algorithm/CVRPLib/QOBLIB/XSH-n20-k4-03.vrp
Dimension = 21
Solution approach = Memetic Algorithm

565.0 after 18 ms
520.0 after 18 ms

PROGRESS 3/55 XSH-n20-k4-03 cost=520 elapsed=12s
File to solve = Algorithm/CVRPLib/QOBLIB/XSH-n20-k4-04.vrp
Dimension = 21
Solution approach = Memetic Algorithm

903.0 after 30 ms
839.0 after 73 ms
836.0 after 199 ms
800.0 after 332 ms
776.0 after 464 ms

File to solve = Algorithm/CVRPLib/QOBLIB/XSH-n20-k4-04.vrp
Dimension = 21
Solution approach = Memetic Algorithm

File to solve = Algorithm/CVRPLib/QOBLIB/XSH-n20-k4-04.vrp
Dimension = 21
Solution approach = Memetic Algorithm

File to solve = Algorithm/CVRPLib/QOBLIB/XSH-n20-k4-04.vrp
Dimension = 21
Solution approach = Memetic Algorithm

File to solve = Algorithm/CVRPLib/QOBLIB/XSH-n20-k4-04.vrp
Dimension = 21
Solution approach = Memetic Algorithm

937.0 after 22 ms
888.0 after 49 ms
845.0 after 120 ms
843.0 after 221 ms
839.0 after 290 ms
791.0 after 348 ms
784.0 after 467 ms
782.0 after 824 ms

File to solve = Algorithm/CVRPLib/QOBLIB/XSH-n20-k4-04.vrp
Dimension = 21
Solution approach = Memetic Algorithm

829.0 after 29 ms
809.0 after 467 ms
806.0 after 1418 ms

File to solve = Algorithm/CVRPLib/QOBLIB/XSH-n20-k4-04.vrp
Dimension = 21
Solution approach = Memetic Algorithm

File to solve = Algorithm/CVRPLib/QOBLIB/XSH-n20-k4-04.vrp
Dimension = 21
Solution approach = Memetic Algorithm

File to solve = Algorithm/CVRPLib/QOBLIB/XSH-n20-k4-04.vrp
Dimension = 21
Solution approach = Memetic Algorithm

File to solve = Algorithm/CVRPLib/QOBLIB/XSH-n20-k4-04.vrp
Dimension = 21
Solution approach = Memetic Algorithm

File to solve = Algorithm/CVRPLib/QOBLIB/XSH-n20-k4-04.vrp
Dimension = 21
Solution approach = Memetic Algorithm

File to solve = Algorithm/CVRPLib/QOBLIB/XSH-n20-k4-04.vrp
Dimension = 21
Solution approach = Memetic Algorithm

File to solve = Algorithm/CVRPLib/QOBLIB/XSH-n20-k4-04.vrp
Dimension = 21
Solution approach = Memetic Algorithm

File to solve = Algorithm/CVRPLib/QOBLIB/XSH-n20-k4-04.vrp
Dimension = 21
Solution approach = Memetic Algorithm

814.0 after 5 ms

File to solve = Algorithm/CVRPLib/QOBLIB/XSH-n20-k4-04.vrp
Dimension = 21
Solution approach = Memetic Algorithm

File to solve = Algorithm/CVRPLib/QOBLIB/XSH-n20-k4-04.vrp
Dimension = 21
Solution approach = Memetic Algorithm

File to solve = Algorithm/CVRPLib/QOBLIB/XSH-n20-k4-04.vrp
Dimension = 21
Solution approach = Memetic Algorithm

File to solve = Algorithm/CVRPLib/QOBLIB/XSH-n20-k4-04.vrp
Dimension = 21
Solution approach = Memetic Algorithm

File to solve = Algorithm/CVRPLib/QOBLIB/XSH-n20-k4-04.vrp
Dimension = 21
Solution approach = Memetic Algorithm

File to solve = Algorithm/CVRPLib/QOBLIB/XSH-n20-k4-04.vrp
Dimension = 21
Solution approach = Memetic Algorithm

881.0 after 30 ms
874.0 after 202 ms
861.0 after 403 ms
840.0 after 687 ms
796.0 after 779 ms
776.0 after 1349 ms

PROGRESS 4/55 XSH-n20-k4-04 cost=776 elapsed=21s
File to solve = Algorithm/CVRPLib/QOBLIB/XSH-n20-k4-05.vrp
Dimension = 21
Solution approach = Memetic Algorithm

806.0 after 13 ms
793.0 after 15 ms
792.0 after 25 ms
759.0 after 35 ms
716.0 after 91 ms

File to solve = Algorithm/CVRPLib/QOBLIB/XSH-n20-k4-05.vrp
Dimension = 21
Solution approach = Memetic Algorithm

793.0 after 19 ms
778.0 after 22 ms
775.0 after 30 ms
716.0 after 54 ms

File to solve = Algorithm/CVRPLib/QOBLIB/XSH-n20-k4-05.vrp
Dimension = 21
Solution approach = Memetic Algorithm

805.0 after 3 ms
783.0 after 4 ms
770.0 after 20 ms
737.0 after 27 ms
733.0 after 224 ms
726.0 after 273 ms

File to solve = Algorithm/CVRPLib/QOBLIB/XSH-n20-k4-05.vrp
Dimension = 21
Solution approach = Memetic Algorithm

File to solve = Algorithm/CVRPLib/QOBLIB/XSH-n20-k4-05.vrp
Dimension = 21
Solution approach = Memetic Algorithm

File to solve = Algorithm/CVRPLib/QOBLIB/XSH-n20-k4-05.vrp
Dimension = 21
Solution approach = Memetic Algorithm

754.0 after 7 ms
722.0 after 95 ms

File to solve = Algorithm/CVRPLib/QOBLIB/XSH-n20-k4-05.vrp
Dimension = 21
Solution approach = Memetic Algorithm

778.0 after 9 ms
776.0 after 18 ms
772.0 after 25 ms
742.0 after 130 ms
716.0 after 184 ms

PROGRESS 5/55 XSH-n20-k4-05 cost=716 elapsed=24s
File to solve = Algorithm/CVRPLib/QOBLIB/XSH-n20-k4-06.vrp
Dimension = 21
Solution approach = Memetic Algorithm

File to solve = Algorithm/CVRPLib/QOBLIB/XSH-n20-k4-06.vrp
Dimension = 21
Solution approach = Memetic Algorithm

820.0 after 29 ms
712.0 after 130 ms

File to solve = Algorithm/CVRPLib/QOBLIB/XSH-n20-k4-06.vrp
Dimension = 21
Solution approach = Memetic Algorithm

File to solve = Algorithm/CVRPLib/QOBLIB/XSH-n20-k4-06.vrp
Dimension = 21
Solution approach = Memetic Algorithm

795.0 after 28 ms
790.0 after 123 ms
740.0 after 245 ms
738.0 after 569 ms

File to solve = Algorithm/CVRPLib/QOBLIB/XSH-n20-k4-06.vrp
Dimension = 21
Solution approach = Memetic Algorithm

845.0 after 0 ms
800.0 after 23 ms
738.0 after 182 ms
712.0 after 351 ms
702.0 after 400 ms
701.0 after 496 ms

File to solve = Algorithm/CVRPLib/QOBLIB/XSH-n20-k4-06.vrp
Dimension = 21
Solution approach = Memetic Algorithm

File to solve = Algorithm/CVRPLib/QOBLIB/XSH-n20-k4-06.vrp
Dimension = 21
Solution approach = Memetic Algorithm

857.0 after 14 ms
836.0 after 20 ms
832.0 after 313 ms
813.0 after 486 ms
810.0 after 536 ms
719.0 after 541 ms

File to solve = Algorithm/CVRPLib/QOBLIB/XSH-n20-k4-06.vrp
Dimension = 21
Solution approach = Memetic Algorithm

803.0 after 11 ms
735.0 after 203 ms
725.0 after 503 ms
713.0 after 783 ms
708.0 after 790 ms

PROGRESS 6/55 XSH-n20-k4-06 cost=701 elapsed=30s
File to solve = Algorithm/CVRPLib/QOBLIB/XSH-n20-k4-07.vrp
Dimension = 21
Solution approach = Memetic Algorithm

File to solve = Algorithm/CVRPLib/QOBLIB/XSH-n20-k4-07.vrp
Dimension = 21
Solution approach = Memetic Algorithm

1023.0 after 2 ms
770.0 after 16 ms
730.0 after 38 ms

File to solve = Algorithm/CVRPLib/QOBLIB/XSH-n20-k4-07.vrp
Dimension = 21
Solution approach = Memetic Algorithm

758.0 after 8 ms
749.0 after 55 ms
730.0 after 104 ms

File to solve = Algorithm/CVRPLib/QOBLIB/XSH-n20-k4-07.vrp
Dimension = 21
Solution approach = Memetic Algorithm

762.0 after 9 ms
749.0 after 122 ms
730.0 after 232 ms

File to solve = Algorithm/CVRPLib/QOBLIB/XSH-n20-k4-07.vrp
Dimension = 21
Solution approach = Memetic Algorithm

749.0 after 4 ms
731.0 after 44 ms
730.0 after 63 ms

File to solve = Algorithm/CVRPLib/QOBLIB/XSH-n20-k4-07.vrp
Dimension = 21
Solution approach = Memetic Algorithm

860.0 after 1 ms
758.0 after 18 ms
749.0 after 25 ms
731.0 after 629 ms
730.0 after 630 ms

PROGRESS 7/55 XSH-n20-k4-07 cost=730 elapsed=34s
File to solve = Algorithm/CVRPLib/QOBLIB/XSH-n20-k4-08.vrp
Dimension = 21
Solution approach = Memetic Algorithm

826.0 after 1 ms
788.0 after 3 ms
778.0 after 3 ms
746.0 after 19 ms
736.0 after 526 ms

File to solve = Algorithm/CVRPLib/QOBLIB/XSH-n20-k4-08.vrp
Dimension = 21
Solution approach = Memetic Algorithm

894.0 after 2 ms
757.0 after 11 ms
736.0 after 64 ms

File to solve = Algorithm/CVRPLib/QOBLIB/XSH-n20-k4-08.vrp
Dimension = 21
Solution approach = Memetic Algorithm

751.0 after 1 ms

File to solve = Algorithm/CVRPLib/QOBLIB/XSH-n20-k4-08.vrp
Dimension = 21
Solution approach = Memetic Algorithm

818.0 after 3 ms
754.0 after 5 ms
750.0 after 45 ms
744.0 after 538 ms
736.0 after 630 ms

File to solve = Algorithm/CVRPLib/QOBLIB/XSH-n20-k4-08.vrp
Dimension = 21
Solution approach = Memetic Algorithm

775.0 after 5 ms
760.0 after 7 ms
736.0 after 51 ms
731.0 after 63 ms

PROGRESS 8/55 XSH-n20-k4-08 cost=731 elapsed=38s
File to solve = Algorithm/CVRPLib/QOBLIB/XSH-n20-k4-09.vrp
Dimension = 21
Solution approach = Memetic Algorithm

745.0 after 0 ms
744.0 after 10 ms
742.0 after 69 ms
738.0 after 71 ms

File to solve = Algorithm/CVRPLib/QOBLIB/XSH-n20-k4-09.vrp
Dimension = 21
Solution approach = Memetic Algorithm

926.0 after 4 ms
792.0 after 8 ms
785.0 after 15 ms
777.0 after 15 ms
742.0 after 24 ms
738.0 after 321 ms

File to solve = Algorithm/CVRPLib/QOBLIB/XSH-n20-k4-09.vrp
Dimension = 21
Solution approach = Memetic Algorithm

824.0 after 11 ms
786.0 after 14 ms
749.0 after 15 ms
733.0 after 16 ms
730.0 after 54 ms
723.0 after 71 ms

File to solve = Algorithm/CVRPLib/QOBLIB/XSH-n20-k4-09.vrp
Dimension = 21
Solution approach = Memetic Algorithm

779.0 after 2 ms
742.0 after 4 ms

File to solve = Algorithm/CVRPLib/QOBLIB/XSH-n20-k4-09.vrp
Dimension = 21
Solution approach = Memetic Algorithm

736.0 after 0 ms
727.0 after 174 ms
726.0 after 175 ms

PROGRESS 9/55 XSH-n20-k4-09 cost=723 elapsed=41s
File to solve = Algorithm/CVRPLib/QOBLIB/XSH-n20-k4-10.vrp
Dimension = 21
Solution approach = Memetic Algorithm

1050.0 after 14 ms
1032.0 after 25 ms
1001.0 after 29 ms
885.0 after 62 ms
858.0 after 86 ms
773.0 after 141 ms
772.0 after 207 ms
768.0 after 327 ms

File to solve = Algorithm/CVRPLib/QOBLIB/XSH-n20-k4-10.vrp
Dimension = 21
Solution approach = Memetic Algorithm

926.0 after 8 ms
876.0 after 9 ms
868.0 after 28 ms
779.0 after 32 ms
772.0 after 165 ms

File to solve = Algorithm/CVRPLib/QOBLIB/XSH-n20-k4-10.vrp
Dimension = 21
Solution approach = Memetic Algorithm

775.0 after 15 ms
774.0 after 361 ms

File to solve = Algorithm/CVRPLib/QOBLIB/XSH-n20-k4-10.vrp
Dimension = 21
Solution approach = Memetic Algorithm

991.0 after 10 ms
975.0 after 50 ms
778.0 after 61 ms
770.0 after 230 ms

File to solve = Algorithm/CVRPLib/QOBLIB/XSH-n20-k4-10.vrp
Dimension = 21
Solution approach = Memetic Algorithm

971.0 after 14 ms
922.0 after 15 ms
814.0 after 30 ms
808.0 after 199 ms
797.0 after 203 ms
741.0 after 489 ms

PROGRESS 10/55 XSH-n20-k4-10 cost=741 elapsed=46s
File to solve = Algorithm/CVRPLib/QOBLIB/XSH-n20-k4-11.vrp
Dimension = 21
Solution approach = Memetic Algorithm

1101.0 after 1 ms
932.0 after 11 ms
926.0 after 108 ms
924.0 after 113 ms
923.0 after 117 ms

File to solve = Algorithm/CVRPLib/QOBLIB/XSH-n20-k4-11.vrp
Dimension = 21
Solution approach = Memetic Algorithm

1132.0 after 2 ms
936.0 after 12 ms
933.0 after 43 ms
929.0 after 126 ms

File to solve = Algorithm/CVRPLib/QOBLIB/XSH-n20-k4-11.vrp
Dimension = 21
Solution approach = Memetic Algorithm

1109.0 after 5 ms
945.0 after 9 ms
937.0 after 34 ms
926.0 after 153 ms

File to solve = Algorithm/CVRPLib/QOBLIB/XSH-n20-k4-11.vrp
Dimension = 21
Solution approach = Memetic Algorithm

933.0 after 22 ms
929.0 after 34 ms
926.0 after 160 ms

File to solve = Algorithm/CVRPLib/QOBLIB/XSH-n20-k4-11.vrp
Dimension = 21
Solution approach = Memetic Algorithm

949.0 after 1 ms
937.0 after 3 ms
934.0 after 28 ms
929.0 after 28 ms
926.0 after 99 ms

PROGRESS 11/55 XSH-n20-k4-11 cost=923 elapsed=50s
File to solve = Algorithm/CVRPLib/QOBLIB/XSH-n20-k4-12.vrp
Dimension = 21
Solution approach = Memetic Algorithm

837.0 after 1 ms
836.0 after 18 ms
804.0 after 27 ms
799.0 after 27 ms
782.0 after 392 ms

File to solve = Algorithm/CVRPLib/QOBLIB/XSH-n20-k4-12.vrp
Dimension = 21
Solution approach = Memetic Algorithm

882.0 after 4 ms
880.0 after 6 ms
866.0 after 6 ms
814.0 after 7 ms
804.0 after 11 ms
793.0 after 99 ms

File to solve = Algorithm/CVRPLib/QOBLIB/XSH-n20-k4-12.vrp
Dimension = 21
Solution approach = Memetic Algorithm

835.0 after 1 ms
834.0 after 5 ms
823.0 after 13 ms
804.0 after 19 ms

File to solve = Algorithm/CVRPLib/QOBLIB/XSH-n20-k4-12.vrp
Dimension = 21
Solution approach = Memetic Algorithm

873.0 after 1 ms
820.0 after 5 ms
795.0 after 36 ms
791.0 after 57 ms

File to solve = Algorithm/CVRPLib/QOBLIB/XSH-n20-k4-12.vrp
Dimension = 21
Solution approach = Memetic Algorithm

873.0 after 1 ms
820.0 after 7 ms
814.0 after 42 ms
804.0 after 175 ms

PROGRESS 12/55 XSH-n20-k4-12 cost=782 elapsed=53s
File to solve = Algorithm/CVRPLib/QOBLIB/XSH-n20-k4-13.vrp
Dimension = 21
Solution approach = Memetic Algorithm

745.0 after 4 ms
743.0 after 41 ms
741.0 after 42 ms
713.0 after 54 ms
683.0 after 58 ms
674.0 after 381 ms

File to solve = Algorithm/CVRPLib/QOBLIB/XSH-n20-k4-13.vrp
Dimension = 21
Solution approach = Memetic Algorithm

791.0 after 11 ms
727.0 after 15 ms
683.0 after 44 ms
681.0 after 236 ms
661.0 after 239 ms

File to solve = Algorithm/CVRPLib/QOBLIB/XSH-n20-k4-13.vrp
Dimension = 21
Solution approach = Memetic Algorithm

732.0 after 5 ms
728.0 after 7 ms
705.0 after 31 ms
674.0 after 63 ms
667.0 after 115 ms

File to solve = Algorithm/CVRPLib/QOBLIB/XSH-n20-k4-13.vrp
Dimension = 21
Solution approach = Memetic Algorithm

763.0 after 8 ms
736.0 after 8 ms
730.0 after 20 ms
706.0 after 41 ms
689.0 after 56 ms
682.0 after 63 ms
681.0 after 355 ms

File to solve = Algorithm/CVRPLib/QOBLIB/XSH-n20-k4-13.vrp
Dimension = 21
Solution approach = Memetic Algorithm

849.0 after 18 ms
740.0 after 24 ms
677.0 after 32 ms
676.0 after 99 ms

PROGRESS 13/55 XSH-n20-k4-13 cost=661 elapsed=58s
File to solve = Algorithm/CVRPLib/QOBLIB/XSH-n20-k4-14.vrp
Dimension = 21
Solution approach = Memetic Algorithm

787.0 after 25 ms
753.0 after 75 ms
739.0 after 158 ms

File to solve = Algorithm/CVRPLib/QOBLIB/XSH-n20-k4-14.vrp
Dimension = 21
Solution approach = Memetic Algorithm

739.0 after 7 ms
716.0 after 943 ms
707.0 after 1362 ms
705.0 after 1365 ms

File to solve = Algorithm/CVRPLib/QOBLIB/XSH-n20-k4-14.vrp
Dimension = 21
Solution approach = Memetic Algorithm

File to solve = Algorithm/CVRPLib/QOBLIB/XSH-n20-k4-14.vrp
Dimension = 21
Solution approach = Memetic Algorithm

File to solve = Algorithm/CVRPLib/QOBLIB/XSH-n20-k4-14.vrp
Dimension = 21
Solution approach = Memetic Algorithm

784.0 after 6 ms
780.0 after 68 ms
739.0 after 171 ms
735.0 after 394 ms
734.0 after 395 ms

File to solve = Algorithm/CVRPLib/QOBLIB/XSH-n20-k4-14.vrp
Dimension = 21
Solution approach = Memetic Algorithm

897.0 after 24 ms
858.0 after 26 ms
781.0 after 51 ms
726.0 after 171 ms
724.0 after 601 ms

File to solve = Algorithm/CVRPLib/QOBLIB/XSH-n20-k4-14.vrp
Dimension = 21
Solution approach = Memetic Algorithm

781.0 after 9 ms
735.0 after 373 ms
721.0 after 704 ms

PROGRESS 14/55 XSH-n20-k4-14 cost=705 elapsed=64s
File to solve = Algorithm/CVRPLib/QOBLIB/XSH-n20-k4-15.vrp
Dimension = 21
Solution approach = Memetic Algorithm

856.0 after 2 ms
805.0 after 3 ms

File to solve = Algorithm/CVRPLib/QOBLIB/XSH-n20-k4-15.vrp
Dimension = 21
Solution approach = Memetic Algorithm

949.0 after 4 ms
892.0 after 19 ms
874.0 after 43 ms
805.0 after 51 ms
803.0 after 101 ms
796.0 after 102 ms

File to solve = Algorithm/CVRPLib/QOBLIB/XSH-n20-k4-15.vrp
Dimension = 21
Solution approach = Memetic Algorithm

880.0 after 8 ms
807.0 after 93 ms
803.0 after 101 ms
792.0 after 193 ms

File to solve = Algorithm/CVRPLib/QOBLIB/XSH-n20-k4-15.vrp
Dimension = 21
Solution approach = Memetic Algorithm

878.0 after 8 ms
808.0 after 13 ms
786.0 after 79 ms

File to solve = Algorithm/CVRPLib/QOBLIB/XSH-n20-k4-15.vrp
Dimension = 21
Solution approach = Memetic Algorithm

890.0 after 3 ms
888.0 after 18 ms
806.0 after 22 ms
799.0 after 29 ms
787.0 after 89 ms
782.0 after 427 ms

PROGRESS 15/55 XSH-n20-k4-15 cost=782 elapsed=68s
File to solve = Algorithm/CVRPLib/QOBLIB/XSH-n20-k4-16.vrp
Dimension = 21
Solution approach = Memetic Algorithm

942.0 after 4 ms
881.0 after 5 ms

File to solve = Algorithm/CVRPLib/QOBLIB/XSH-n20-k4-16.vrp
Dimension = 21
Solution approach = Memetic Algorithm

909.0 after 4 ms
881.0 after 20 ms

File to solve = Algorithm/CVRPLib/QOBLIB/XSH-n20-k4-16.vrp
Dimension = 21
Solution approach = Memetic Algorithm

920.0 after 4 ms
902.0 after 8 ms
875.0 after 9 ms
873.0 after 57 ms
869.0 after 617 ms
863.0 after 628 ms

File to solve = Algorithm/CVRPLib/QOBLIB/XSH-n20-k4-16.vrp
Dimension = 21
Solution approach = Memetic Algorithm

1018.0 after 10 ms
1008.0 after 11 ms
954.0 after 11 ms
910.0 after 13 ms
889.0 after 20 ms
881.0 after 32 ms
875.0 after 33 ms
873.0 after 64 ms

File to solve = Algorithm/CVRPLib/QOBLIB/XSH-n20-k4-16.vrp
Dimension = 21
Solution approach = Memetic Algorithm

921.0 after 3 ms
891.0 after 29 ms
890.0 after 30 ms
853.0 after 67 ms

PROGRESS 16/55 XSH-n20-k4-16 cost=853 elapsed=72s
File to solve = Algorithm/CVRPLib/QOBLIB/XSH-n20-k4-17.vrp
Dimension = 21
Solution approach = Memetic Algorithm

755.0 after 12 ms
719.0 after 96 ms
703.0 after 131 ms
698.0 after 486 ms
660.0 after 904 ms
643.0 after 905 ms

File to solve = Algorithm/CVRPLib/QOBLIB/XSH-n20-k4-17.vrp
Dimension = 21
Solution approach = Memetic Algorithm

750.0 after 5 ms
741.0 after 16 ms
740.0 after 94 ms
718.0 after 110 ms

File to solve = Algorithm/CVRPLib/QOBLIB/XSH-n20-k4-17.vrp
Dimension = 21
Solution approach = Memetic Algorithm

768.0 after 23 ms
741.0 after 55 ms
740.0 after 66 ms
725.0 after 85 ms
663.0 after 179 ms
612.0 after 246 ms

File to solve = Algorithm/CVRPLib/QOBLIB/XSH-n20-k4-17.vrp
Dimension = 21
Solution approach = Memetic Algorithm

742.0 after 1 ms
706.0 after 71 ms
648.0 after 211 ms

File to solve = Algorithm/CVRPLib/QOBLIB/XSH-n20-k4-17.vrp
Dimension = 21
Solution approach = Memetic Algorithm

744.0 after 12 ms
742.0 after 16 ms
740.0 after 67 ms
717.0 after 125 ms
709.0 after 148 ms

PROGRESS 17/55 XSH-n20-k4-17 cost=612 elapsed=76s
File to solve = Algorithm/CVRPLib/QOBLIB/XSH-n20-k4-18.vrp
Dimension = 21
Solution approach = Memetic Algorithm

1043.0 after 1 ms
1039.0 after 12 ms
1023.0 after 13 ms
1020.0 after 20 ms

File to solve = Algorithm/CVRPLib/QOBLIB/XSH-n20-k4-18.vrp
Dimension = 21
Solution approach = Memetic Algorithm

1334.0 after 6 ms
1049.0 after 7 ms
1046.0 after 17 ms
1021.0 after 18 ms
1020.0 after 27 ms

File to solve = Algorithm/CVRPLib/QOBLIB/XSH-n20-k4-18.vrp
Dimension = 21
Solution approach = Memetic Algorithm

1090.0 after 2 ms
1053.0 after 3 ms
1052.0 after 4 ms
1049.0 after 5 ms
1015.0 after 19 ms
1006.0 after 24 ms

File to solve = Algorithm/CVRPLib/QOBLIB/XSH-n20-k4-18.vrp
Dimension = 21
Solution approach = Memetic Algorithm

1100.0 after 3 ms
1053.0 after 8 ms
1032.0 after 37 ms
1020.0 after 76 ms

File to solve = Algorithm/CVRPLib/QOBLIB/XSH-n20-k4-18.vrp
Dimension = 21
Solution approach = Memetic Algorithm

1025.0 after 1 ms
1013.0 after 13 ms
1007.0 after 28 ms

PROGRESS 18/55 XSH-n20-k4-18 cost=1006 elapsed=79s
File to solve = Algorithm/CVRPLib/QOBLIB/XSH-n20-k4-19.vrp
Dimension = 21
Solution approach = Memetic Algorithm

File to solve = Algorithm/CVRPLib/QOBLIB/XSH-n20-k4-19.vrp
Dimension = 21
Solution approach = Memetic Algorithm

File to solve = Algorithm/CVRPLib/QOBLIB/XSH-n20-k4-19.vrp
Dimension = 21
Solution approach = Memetic Algorithm

File to solve = Algorithm/CVRPLib/QOBLIB/XSH-n20-k4-19.vrp
Dimension = 21
Solution approach = Memetic Algorithm

File to solve = Algorithm/CVRPLib/QOBLIB/XSH-n20-k4-19.vrp
Dimension = 21
Solution approach = Memetic Algorithm

File to solve = Algorithm/CVRPLib/QOBLIB/XSH-n20-k4-19.vrp
Dimension = 21
Solution approach = Memetic Algorithm

File to solve = Algorithm/CVRPLib/QOBLIB/XSH-n20-k4-19.vrp
Dimension = 21
Solution approach = Memetic Algorithm

File to solve = Algorithm/CVRPLib/QOBLIB/XSH-n20-k4-19.vrp
Dimension = 21
Solution approach = Memetic Algorithm

File to solve = Algorithm/CVRPLib/QOBLIB/XSH-n20-k4-19.vrp
Dimension = 21
Solution approach = Memetic Algorithm

File to solve = Algorithm/CVRPLib/QOBLIB/XSH-n20-k4-19.vrp
Dimension = 21
Solution approach = Memetic Algorithm

File to solve = Algorithm/CVRPLib/QOBLIB/XSH-n20-k4-19.vrp
Dimension = 21
Solution approach = Memetic Algorithm

File to solve = Algorithm/CVRPLib/QOBLIB/XSH-n20-k4-19.vrp
Dimension = 21
Solution approach = Memetic Algorithm

File to solve = Algorithm/CVRPLib/QOBLIB/XSH-n20-k4-19.vrp
Dimension = 21
Solution approach = Memetic Algorithm

File to solve = Algorithm/CVRPLib/QOBLIB/XSH-n20-k4-19.vrp
Dimension = 21
Solution approach = Memetic Algorithm

File to solve = Algorithm/CVRPLib/QOBLIB/XSH-n20-k4-19.vrp
Dimension = 21
Solution approach = Memetic Algorithm

File to solve = Algorithm/CVRPLib/QOBLIB/XSH-n20-k4-19.vrp
Dimension = 21
Solution approach = Memetic Algorithm

File to solve = Algorithm/CVRPLib/QOBLIB/XSH-n20-k4-19.vrp
Dimension = 21
Solution approach = Memetic Algorithm

File to solve = Algorithm/CVRPLib/QOBLIB/XSH-n20-k4-19.vrp
Dimension = 21
Solution approach = Memetic Algorithm

File to solve = Algorithm/CVRPLib/QOBLIB/XSH-n20-k4-19.vrp
Dimension = 21
Solution approach = Memetic Algorithm

File to solve = Algorithm/CVRPLib/QOBLIB/XSH-n20-k4-19.vrp
Dimension = 21
Solution approach = Memetic Algorithm

File to solve = Algorithm/CVRPLib/QOBLIB/XSH-n20-k4-19.vrp
Dimension = 21
Solution approach = Memetic Algorithm

File to solve = Algorithm/CVRPLib/QOBLIB/XSH-n20-k4-19.vrp
Dimension = 21
Solution approach = Memetic Algorithm

File to solve = Algorithm/CVRPLib/QOBLIB/XSH-n20-k4-19.vrp
Dimension = 21
Solution approach = Memetic Algorithm

File to solve = Algorithm/CVRPLib/QOBLIB/XSH-n20-k4-19.vrp
Dimension = 21
Solution approach = Memetic Algorithm

File to solve = Algorithm/CVRPLib/QOBLIB/XSH-n20-k4-19.vrp
Dimension = 21
Solution approach = Memetic Algorithm

File to solve = Algorithm/CVRPLib/QOBLIB/XSH-n20-k4-19.vrp
Dimension = 21
Solution approach = Memetic Algorithm

File to solve = Algorithm/CVRPLib/QOBLIB/XSH-n20-k4-19.vrp
Dimension = 21
Solution approach = Memetic Algorithm

File to solve = Algorithm/CVRPLib/QOBLIB/XSH-n20-k4-19.vrp
Dimension = 21
Solution approach = Memetic Algorithm

File to solve = Algorithm/CVRPLib/QOBLIB/XSH-n20-k4-19.vrp
Dimension = 21
Solution approach = Memetic Algorithm

File to solve = Algorithm/CVRPLib/QOBLIB/XSH-n20-k4-19.vrp
Dimension = 21
Solution approach = Memetic Algorithm

File to solve = Algorithm/CVRPLib/QOBLIB/XSH-n20-k4-19.vrp
Dimension = 21
Solution approach = Memetic Algorithm

File to solve = Algorithm/CVRPLib/QOBLIB/XSH-n20-k4-19.vrp
Dimension = 21
Solution approach = Memetic Algorithm

File to solve = Algorithm/CVRPLib/QOBLIB/XSH-n20-k4-19.vrp
Dimension = 21
Solution approach = Memetic Algorithm

File to solve = Algorithm/CVRPLib/QOBLIB/XSH-n20-k4-19.vrp
Dimension = 21
Solution approach = Memetic Algorithm

File to solve = Algorithm/CVRPLib/QOBLIB/XSH-n20-k4-19.vrp
Dimension = 21
Solution approach = Memetic Algorithm

File to solve = Algorithm/CVRPLib/QOBLIB/XSH-n20-k4-19.vrp
Dimension = 21
Solution approach = Memetic Algorithm

File to solve = Algorithm/CVRPLib/QOBLIB/XSH-n20-k4-19.vrp
Dimension = 21
Solution approach = Memetic Algorithm

File to solve = Algorithm/CVRPLib/QOBLIB/XSH-n20-k4-19.vrp
Dimension = 21
Solution approach = Memetic Algorithm

File to solve = Algorithm/CVRPLib/QOBLIB/XSH-n20-k4-19.vrp
Dimension = 21
Solution approach = Memetic Algorithm

1038.0 after 10 ms

File to solve = Algorithm/CVRPLib/QOBLIB/XSH-n20-k4-19.vrp
Dimension = 21
Solution approach = Memetic Algorithm

File to solve = Algorithm/CVRPLib/QOBLIB/XSH-n20-k4-19.vrp
Dimension = 21
Solution approach = Memetic Algorithm

File to solve = Algorithm/CVRPLib/QOBLIB/XSH-n20-k4-19.vrp
Dimension = 21
Solution approach = Memetic Algorithm

File to solve = Algorithm/CVRPLib/QOBLIB/XSH-n20-k4-19.vrp
Dimension = 21
Solution approach = Memetic Algorithm

File to solve = Algorithm/CVRPLib/QOBLIB/XSH-n20-k4-19.vrp
Dimension = 21
Solution approach = Memetic Algorithm

File to solve = Algorithm/CVRPLib/QOBLIB/XSH-n20-k4-19.vrp
Dimension = 21
Solution approach = Memetic Algorithm

File to solve = Algorithm/CVRPLib/QOBLIB/XSH-n20-k4-19.vrp
Dimension = 21
Solution approach = Memetic Algorithm

File to solve = Algorithm/CVRPLib/QOBLIB/XSH-n20-k4-19.vrp
Dimension = 21
Solution approach = Memetic Algorithm

File to solve = Algorithm/CVRPLib/QOBLIB/XSH-n20-k4-19.vrp
Dimension = 21
Solution approach = Memetic Algorithm

File to solve = Algorithm/CVRPLib/QOBLIB/XSH-n20-k4-19.vrp
Dimension = 21
Solution approach = Memetic Algorithm

File to solve = Algorithm/CVRPLib/QOBLIB/XSH-n20-k4-19.vrp
Dimension = 21
Solution approach = Memetic Algorithm

File to solve = Algorithm/CVRPLib/QOBLIB/XSH-n20-k4-19.vrp
Dimension = 21
Solution approach = Memetic Algorithm

File to solve = Algorithm/CVRPLib/QOBLIB/XSH-n20-k4-19.vrp
Dimension = 21
Solution approach = Memetic Algorithm

File to solve = Algorithm/CVRPLib/QOBLIB/XSH-n20-k4-19.vrp
Dimension = 21
Solution approach = Memetic Algorithm

File to solve = Algorithm/CVRPLib/QOBLIB/XSH-n20-k4-19.vrp
Dimension = 21
Solution approach = Memetic Algorithm

File to solve = Algorithm/CVRPLib/QOBLIB/XSH-n20-k4-19.vrp
Dimension = 21
Solution approach = Memetic Algorithm

File to solve = Algorithm/CVRPLib/QOBLIB/XSH-n20-k4-19.vrp
Dimension = 21
Solution approach = Memetic Algorithm

1106.0 after 30 ms
1045.0 after 627 ms
1038.0 after 1781 ms

File to solve = Algorithm/CVRPLib/QOBLIB/XSH-n20-k4-19.vrp
Dimension = 21
Solution approach = Memetic Algorithm

File to solve = Algorithm/CVRPLib/QOBLIB/XSH-n20-k4-19.vrp
Dimension = 21
Solution approach = Memetic Algorithm

1211.0 after 2 ms
1069.0 after 21 ms
1050.0 after 557 ms
1046.0 after 1888 ms
1041.0 after 3381 ms

File to solve = Algorithm/CVRPLib/QOBLIB/XSH-n20-k4-19.vrp
Dimension = 21
Solution approach = Memetic Algorithm

File to solve = Algorithm/CVRPLib/QOBLIB/XSH-n20-k4-19.vrp
Dimension = 21
Solution approach = Memetic Algorithm

File to solve = Algorithm/CVRPLib/QOBLIB/XSH-n20-k4-19.vrp
Dimension = 21
Solution approach = Memetic Algorithm

File to solve = Algorithm/CVRPLib/QOBLIB/XSH-n20-k4-19.vrp
Dimension = 21
Solution approach = Memetic Algorithm

File to solve = Algorithm/CVRPLib/QOBLIB/XSH-n20-k4-19.vrp
Dimension = 21
Solution approach = Memetic Algorithm

File to solve = Algorithm/CVRPLib/QOBLIB/XSH-n20-k4-19.vrp
Dimension = 21
Solution approach = Memetic Algorithm

File to solve = Algorithm/CVRPLib/QOBLIB/XSH-n20-k4-19.vrp
Dimension = 21
Solution approach = Memetic Algorithm

File to solve = Algorithm/CVRPLib/QOBLIB/XSH-n20-k4-19.vrp
Dimension = 21
Solution approach = Memetic Algorithm

1166.0 after 16 ms
1147.0 after 36 ms
1046.0 after 137 ms
1039.0 after 2000 ms

File to solve = Algorithm/CVRPLib/QOBLIB/XSH-n20-k4-19.vrp
Dimension = 21
Solution approach = Memetic Algorithm

File to solve = Algorithm/CVRPLib/QOBLIB/XSH-n20-k4-19.vrp
Dimension = 21
Solution approach = Memetic Algorithm

File to solve = Algorithm/CVRPLib/QOBLIB/XSH-n20-k4-19.vrp
Dimension = 21
Solution approach = Memetic Algorithm

File to solve = Algorithm/CVRPLib/QOBLIB/XSH-n20-k4-19.vrp
Dimension = 21
Solution approach = Memetic Algorithm

File to solve = Algorithm/CVRPLib/QOBLIB/XSH-n20-k4-19.vrp
Dimension = 21
Solution approach = Memetic Algorithm

1134.0 after 13 ms
1132.0 after 189 ms
1057.0 after 207 ms
1033.0 after 1050 ms

PROGRESS 19/55 XSH-n20-k4-19 cost=1033 elapsed=97s
File to solve = Algorithm/CVRPLib/QOBLIB/XSH-n20-k4-20.vrp
Dimension = 21
Solution approach = Memetic Algorithm

File to solve = Algorithm/CVRPLib/QOBLIB/XSH-n20-k4-20.vrp
Dimension = 21
Solution approach = Memetic Algorithm

667.0 after 23 ms

File to solve = Algorithm/CVRPLib/QOBLIB/XSH-n20-k4-20.vrp
Dimension = 21
Solution approach = Memetic Algorithm

File to solve = Algorithm/CVRPLib/QOBLIB/XSH-n20-k4-20.vrp
Dimension = 21
Solution approach = Memetic Algorithm

File to solve = Algorithm/CVRPLib/QOBLIB/XSH-n20-k4-20.vrp
Dimension = 21
Solution approach = Memetic Algorithm

File to solve = Algorithm/CVRPLib/QOBLIB/XSH-n20-k4-20.vrp
Dimension = 21
Solution approach = Memetic Algorithm

File to solve = Algorithm/CVRPLib/QOBLIB/XSH-n20-k4-20.vrp
Dimension = 21
Solution approach = Memetic Algorithm

File to solve = Algorithm/CVRPLib/QOBLIB/XSH-n20-k4-20.vrp
Dimension = 21
Solution approach = Memetic Algorithm

File to solve = Algorithm/CVRPLib/QOBLIB/XSH-n20-k4-20.vrp
Dimension = 21
Solution approach = Memetic Algorithm

File to solve = Algorithm/CVRPLib/QOBLIB/XSH-n20-k4-20.vrp
Dimension = 21
Solution approach = Memetic Algorithm

File to solve = Algorithm/CVRPLib/QOBLIB/XSH-n20-k4-20.vrp
Dimension = 21
Solution approach = Memetic Algorithm

File to solve = Algorithm/CVRPLib/QOBLIB/XSH-n20-k4-20.vrp
Dimension = 21
Solution approach = Memetic Algorithm

File to solve = Algorithm/CVRPLib/QOBLIB/XSH-n20-k4-20.vrp
Dimension = 21
Solution approach = Memetic Algorithm

File to solve = Algorithm/CVRPLib/QOBLIB/XSH-n20-k4-20.vrp
Dimension = 21
Solution approach = Memetic Algorithm

850.0 after 9 ms
830.0 after 29 ms
798.0 after 44 ms
762.0 after 50 ms
670.0 after 107 ms

File to solve = Algorithm/CVRPLib/QOBLIB/XSH-n20-k4-20.vrp
Dimension = 21
Solution approach = Memetic Algorithm

770.0 after 31 ms
745.0 after 36 ms
742.0 after 92 ms
673.0 after 106 ms
663.0 after 1177 ms

File to solve = Algorithm/CVRPLib/QOBLIB/XSH-n20-k4-20.vrp
Dimension = 21
Solution approach = Memetic Algorithm

File to solve = Algorithm/CVRPLib/QOBLIB/XSH-n20-k4-20.vrp
Dimension = 21
Solution approach = Memetic Algorithm

670.0 after 5 ms
656.0 after 76 ms
648.0 after 1335 ms

File to solve = Algorithm/CVRPLib/QOBLIB/XSH-n20-k4-20.vrp
Dimension = 21
Solution approach = Memetic Algorithm

857.0 after 25 ms
676.0 after 64 ms
670.0 after 1413 ms

PROGRESS 20/55 XSH-n20-k4-20 cost=648 elapsed=105s
File to solve = Algorithm/CVRPLib/QOBLIB/XSH-n20-k4-21.vrp
Dimension = 21
Solution approach = Memetic Algorithm

899.0 after 2 ms
885.0 after 49 ms
880.0 after 72 ms
879.0 after 79 ms
876.0 after 93 ms

File to solve = Algorithm/CVRPLib/QOBLIB/XSH-n20-k4-21.vrp
Dimension = 21
Solution approach = Memetic Algorithm

969.0 after 0 ms
899.0 after 6 ms
872.0 after 18 ms
870.0 after 23 ms
848.0 after 82 ms
844.0 after 144 ms

File to solve = Algorithm/CVRPLib/QOBLIB/XSH-n20-k4-21.vrp
Dimension = 21
Solution approach = Memetic Algorithm

844.0 after 2 ms

File to solve = Algorithm/CVRPLib/QOBLIB/XSH-n20-k4-21.vrp
Dimension = 21
Solution approach = Memetic Algorithm

910.0 after 10 ms
897.0 after 38 ms
893.0 after 48 ms
891.0 after 108 ms
880.0 after 145 ms
875.0 after 207 ms
868.0 after 312 ms

File to solve = Algorithm/CVRPLib/QOBLIB/XSH-n20-k4-21.vrp
Dimension = 21
Solution approach = Memetic Algorithm

875.0 after 2 ms
865.0 after 16 ms
859.0 after 337 ms
845.0 after 346 ms

PROGRESS 21/55 XSH-n20-k4-21 cost=844 elapsed=108s
File to solve = Algorithm/CVRPLib/QOBLIB/XSH-n20-k4-22.vrp
Dimension = 21
Solution approach = Memetic Algorithm

File to solve = Algorithm/CVRPLib/QOBLIB/XSH-n20-k4-22.vrp
Dimension = 21
Solution approach = Memetic Algorithm

940.0 after 24 ms
884.0 after 97 ms
877.0 after 872 ms

File to solve = Algorithm/CVRPLib/QOBLIB/XSH-n20-k4-22.vrp
Dimension = 21
Solution approach = Memetic Algorithm

938.0 after 25 ms
907.0 after 243 ms
886.0 after 373 ms
836.0 after 529 ms
830.0 after 554 ms
818.0 after 615 ms
800.0 after 615 ms
769.0 after 906 ms

File to solve = Algorithm/CVRPLib/QOBLIB/XSH-n20-k4-22.vrp
Dimension = 21
Solution approach = Memetic Algorithm

File to solve = Algorithm/CVRPLib/QOBLIB/XSH-n20-k4-22.vrp
Dimension = 21
Solution approach = Memetic Algorithm

File to solve = Algorithm/CVRPLib/QOBLIB/XSH-n20-k4-22.vrp
Dimension = 21
Solution approach = Memetic Algorithm

998.0 after 8 ms
830.0 after 71 ms
829.0 after 466 ms
819.0 after 940 ms

File to solve = Algorithm/CVRPLib/QOBLIB/XSH-n20-k4-22.vrp
Dimension = 21
Solution approach = Memetic Algorithm

File to solve = Algorithm/CVRPLib/QOBLIB/XSH-n20-k4-22.vrp
Dimension = 21
Solution approach = Memetic Algorithm

879.0 after 3 ms
836.0 after 10 ms
835.0 after 1561 ms
819.0 after 1563 ms

File to solve = Algorithm/CVRPLib/QOBLIB/XSH-n20-k4-22.vrp
Dimension = 21
Solution approach = Memetic Algorithm

File to solve = Algorithm/CVRPLib/QOBLIB/XSH-n20-k4-22.vrp
Dimension = 21
Solution approach = Memetic Algorithm

File to solve = Algorithm/CVRPLib/QOBLIB/XSH-n20-k4-22.vrp
Dimension = 21
Solution approach = Memetic Algorithm

923.0 after 17 ms
881.0 after 272 ms
877.0 after 615 ms

PROGRESS 22/55 XSH-n20-k4-22 cost=769 elapsed=117s
File to solve = Algorithm/CVRPLib/QOBLIB/XSH-n20-k4-23.vrp
Dimension = 21
Solution approach = Memetic Algorithm

File to solve = Algorithm/CVRPLib/QOBLIB/XSH-n20-k4-23.vrp
Dimension = 21
Solution approach = Memetic Algorithm

987.0 after 7 ms
978.0 after 62 ms
929.0 after 115 ms
907.0 after 280 ms
904.0 after 373 ms
899.0 after 374 ms

File to solve = Algorithm/CVRPLib/QOBLIB/XSH-n20-k4-23.vrp
Dimension = 21
Solution approach = Memetic Algorithm

File to solve = Algorithm/CVRPLib/QOBLIB/XSH-n20-k4-23.vrp
Dimension = 21
Solution approach = Memetic Algorithm

958.0 after 24 ms
957.0 after 58 ms
949.0 after 128 ms
899.0 after 202 ms

File to solve = Algorithm/CVRPLib/QOBLIB/XSH-n20-k4-23.vrp
Dimension = 21
Solution approach = Memetic Algorithm

1091.0 after 3 ms
977.0 after 59 ms
944.0 after 72 ms
925.0 after 82 ms
913.0 after 85 ms
899.0 after 235 ms
898.0 after 404 ms

File to solve = Algorithm/CVRPLib/QOBLIB/XSH-n20-k4-23.vrp
Dimension = 21
Solution approach = Memetic Algorithm

1033.0 after 36 ms
901.0 after 52 ms
896.0 after 165 ms

File to solve = Algorithm/CVRPLib/QOBLIB/XSH-n20-k4-23.vrp
Dimension = 21
Solution approach = Memetic Algorithm

1080.0 after 26 ms
1019.0 after 46 ms
998.0 after 53 ms
929.0 after 64 ms
904.0 after 145 ms
899.0 after 280 ms

PROGRESS 23/55 XSH-n20-k4-23 cost=896 elapsed=121s
File to solve = Algorithm/CVRPLib/QOBLIB/XSH-n20-k4-24.vrp
Dimension = 21
Solution approach = Memetic Algorithm

812.0 after 27 ms
769.0 after 33 ms
767.0 after 113 ms
759.0 after 300 ms

File to solve = Algorithm/CVRPLib/QOBLIB/XSH-n20-k4-24.vrp
Dimension = 21
Solution approach = Memetic Algorithm

804.0 after 10 ms
753.0 after 12 ms
748.0 after 57 ms

File to solve = Algorithm/CVRPLib/QOBLIB/XSH-n20-k4-24.vrp
Dimension = 21
Solution approach = Memetic Algorithm

785.0 after 12 ms
774.0 after 54 ms
769.0 after 78 ms
757.0 after 79 ms
753.0 after 80 ms
748.0 after 80 ms

File to solve = Algorithm/CVRPLib/QOBLIB/XSH-n20-k4-24.vrp
Dimension = 21
Solution approach = Memetic Algorithm

845.0 after 1 ms
774.0 after 3 ms
752.0 after 47 ms

File to solve = Algorithm/CVRPLib/QOBLIB/XSH-n20-k4-24.vrp
Dimension = 21
Solution approach = Memetic Algorithm

884.0 after 1 ms
822.0 after 8 ms
771.0 after 47 ms

PROGRESS 24/55 XSH-n20-k4-24 cost=748 elapsed=124s
File to solve = Algorithm/CVRPLib/QOBLIB/XSH-n20-k4-25.vrp
Dimension = 21
Solution approach = Memetic Algorithm

462.0 after 1 ms

File to solve = Algorithm/CVRPLib/QOBLIB/XSH-n20-k4-25.vrp
Dimension = 21
Solution approach = Memetic Algorithm

577.0 after 10 ms
565.0 after 58 ms
529.0 after 224 ms
492.0 after 329 ms
479.0 after 407 ms
475.0 after 483 ms

File to solve = Algorithm/CVRPLib/QOBLIB/XSH-n20-k4-25.vrp
Dimension = 21
Solution approach = Memetic Algorithm

File to solve = Algorithm/CVRPLib/QOBLIB/XSH-n20-k4-25.vrp
Dimension = 21
Solution approach = Memetic Algorithm

File to solve = Algorithm/CVRPLib/QOBLIB/XSH-n20-k4-25.vrp
Dimension = 21
Solution approach = Memetic Algorithm

597.0 after 4 ms
504.0 after 25 ms
471.0 after 352 ms

File to solve = Algorithm/CVRPLib/QOBLIB/XSH-n20-k4-25.vrp
Dimension = 21
Solution approach = Memetic Algorithm

612.0 after 0 ms
506.0 after 45 ms
464.0 after 415 ms

File to solve = Algorithm/CVRPLib/QOBLIB/XSH-n20-k4-25.vrp
Dimension = 21
Solution approach = Memetic Algorithm

577.0 after 27 ms
523.0 after 160 ms
476.0 after 272 ms
471.0 after 345 ms

PROGRESS 25/55 XSH-n20-k4-25 cost=462 elapsed=129s
File to solve = Algorithm/CVRPLib/QOBLIB/XSH-n20-k4-26.vrp
Dimension = 21
Solution approach = Memetic Algorithm

797.0 after 18 ms
771.0 after 58 ms
714.0 after 200 ms
707.0 after 649 ms
703.0 after 676 ms
697.0 after 788 ms

File to solve = Algorithm/CVRPLib/QOBLIB/XSH-n20-k4-26.vrp
Dimension = 21
Solution approach = Memetic Algorithm

852.0 after 17 ms
848.0 after 38 ms
792.0 after 77 ms
697.0 after 149 ms
688.0 after 158 ms

File to solve = Algorithm/CVRPLib/QOBLIB/XSH-n20-k4-26.vrp
Dimension = 21
Solution approach = Memetic Algorithm

File to solve = Algorithm/CVRPLib/QOBLIB/XSH-n20-k4-26.vrp
Dimension = 21
Solution approach = Memetic Algorithm

File to solve = Algorithm/CVRPLib/QOBLIB/XSH-n20-k4-26.vrp
Dimension = 21
Solution approach = Memetic Algorithm

File to solve = Algorithm/CVRPLib/QOBLIB/XSH-n20-k4-26.vrp
Dimension = 21
Solution approach = Memetic Algorithm

File to solve = Algorithm/CVRPLib/QOBLIB/XSH-n20-k4-26.vrp
Dimension = 21
Solution approach = Memetic Algorithm

File to solve = Algorithm/CVRPLib/QOBLIB/XSH-n20-k4-26.vrp
Dimension = 21
Solution approach = Memetic Algorithm

779.0 after 16 ms
688.0 after 141 ms

File to solve = Algorithm/CVRPLib/QOBLIB/XSH-n20-k4-26.vrp
Dimension = 21
Solution approach = Memetic Algorithm

File to solve = Algorithm/CVRPLib/QOBLIB/XSH-n20-k4-26.vrp
Dimension = 21
Solution approach = Memetic Algorithm

886.0 after 17 ms
861.0 after 40 ms
816.0 after 44 ms
803.0 after 186 ms
796.0 after 229 ms
688.0 after 257 ms

File to solve = Algorithm/CVRPLib/QOBLIB/XSH-n20-k4-26.vrp
Dimension = 21
Solution approach = Memetic Algorithm

811.0 after 5 ms
785.0 after 9 ms
703.0 after 15 ms

PROGRESS 26/55 XSH-n20-k4-26 cost=688 elapsed=134s
File to solve = Algorithm/CVRPLib/QOBLIB/XSH-n20-k4-27.vrp
Dimension = 21
Solution approach = Memetic Algorithm

568.0 after 4 ms

File to solve = Algorithm/CVRPLib/QOBLIB/XSH-n20-k4-27.vrp
Dimension = 21
Solution approach = Memetic Algorithm

688.0 after 1 ms
681.0 after 19 ms
625.0 after 20 ms
612.0 after 24 ms
571.0 after 86 ms

File to solve = Algorithm/CVRPLib/QOBLIB/XSH-n20-k4-27.vrp
Dimension = 21
Solution approach = Memetic Algorithm

689.0 after 21 ms
681.0 after 46 ms
638.0 after 78 ms
612.0 after 148 ms
582.0 after 184 ms

File to solve = Algorithm/CVRPLib/QOBLIB/XSH-n20-k4-27.vrp
Dimension = 21
Solution approach = Memetic Algorithm

681.0 after 1 ms
604.0 after 40 ms

File to solve = Algorithm/CVRPLib/QOBLIB/XSH-n20-k4-27.vrp
Dimension = 21
Solution approach = Memetic Algorithm

690.0 after 6 ms
624.0 after 11 ms
603.0 after 29 ms
580.0 after 60 ms

PROGRESS 27/55 XSH-n20-k4-27 cost=568 elapsed=137s
File to solve = Algorithm/CVRPLib/QOBLIB/XSH-n20-k4-28.vrp
Dimension = 21
Solution approach = Memetic Algorithm

861.0 after 5 ms
676.0 after 5 ms

File to solve = Algorithm/CVRPLib/QOBLIB/XSH-n20-k4-28.vrp
Dimension = 21
Solution approach = Memetic Algorithm

866.0 after 15 ms
837.0 after 16 ms
832.0 after 35 ms
825.0 after 63 ms
695.0 after 67 ms
686.0 after 118 ms
676.0 after 187 ms

File to solve = Algorithm/CVRPLib/QOBLIB/XSH-n20-k4-28.vrp
Dimension = 21
Solution approach = Memetic Algorithm

683.0 after 10 ms
680.0 after 93 ms

File to solve = Algorithm/CVRPLib/QOBLIB/XSH-n20-k4-28.vrp
Dimension = 21
Solution approach = Memetic Algorithm

861.0 after 7 ms
856.0 after 19 ms
823.0 after 39 ms
789.0 after 211 ms
708.0 after 406 ms
691.0 after 408 ms
686.0 after 412 ms
680.0 after 1121 ms
676.0 after 1690 ms

File to solve = Algorithm/CVRPLib/QOBLIB/XSH-n20-k4-28.vrp
Dimension = 21
Solution approach = Memetic Algorithm

879.0 after 2 ms
844.0 after 4 ms
683.0 after 26 ms
676.0 after 53 ms

PROGRESS 28/55 XSH-n20-k4-28 cost=676 elapsed=142s
File to solve = Algorithm/CVRPLib/QOBLIB/XSH-n20-k4-29.vrp
Dimension = 21
Solution approach = Memetic Algorithm

773.0 after 1 ms
764.0 after 6 ms
737.0 after 19 ms
714.0 after 20 ms
673.0 after 30 ms
658.0 after 60 ms

File to solve = Algorithm/CVRPLib/QOBLIB/XSH-n20-k4-29.vrp
Dimension = 21
Solution approach = Memetic Algorithm

845.0 after 3 ms
750.0 after 24 ms
696.0 after 56 ms
692.0 after 127 ms

File to solve = Algorithm/CVRPLib/QOBLIB/XSH-n20-k4-29.vrp
Dimension = 21
Solution approach = Memetic Algorithm

791.0 after 8 ms
723.0 after 13 ms
714.0 after 58 ms
692.0 after 80 ms
668.0 after 93 ms

File to solve = Algorithm/CVRPLib/QOBLIB/XSH-n20-k4-29.vrp
Dimension = 21
Solution approach = Memetic Algorithm

699.0 after 10 ms
696.0 after 74 ms
692.0 after 75 ms
689.0 after 102 ms
688.0 after 247 ms

File to solve = Algorithm/CVRPLib/QOBLIB/XSH-n20-k4-29.vrp
Dimension = 21
Solution approach = Memetic Algorithm

794.0 after 8 ms
780.0 after 16 ms
691.0 after 16 ms
682.0 after 118 ms
676.0 after 126 ms

PROGRESS 29/55 XSH-n20-k4-29 cost=658 elapsed=146s
File to solve = Algorithm/CVRPLib/QOBLIB/XSH-n20-k4-30.vrp
Dimension = 21
Solution approach = Memetic Algorithm

742.0 after 24 ms
728.0 after 455 ms

File to solve = Algorithm/CVRPLib/QOBLIB/XSH-n20-k4-30.vrp
Dimension = 21
Solution approach = Memetic Algorithm

772.0 after 13 ms
771.0 after 72 ms
723.0 after 184 ms

File to solve = Algorithm/CVRPLib/QOBLIB/XSH-n20-k4-30.vrp
Dimension = 21
Solution approach = Memetic Algorithm

787.0 after 2 ms
754.0 after 13 ms
742.0 after 26 ms
721.0 after 42 ms
703.0 after 144 ms

File to solve = Algorithm/CVRPLib/QOBLIB/XSH-n20-k4-30.vrp
Dimension = 21
Solution approach = Memetic Algorithm

938.0 after 8 ms
828.0 after 22 ms
801.0 after 32 ms
742.0 after 84 ms
741.0 after 151 ms

File to solve = Algorithm/CVRPLib/QOBLIB/XSH-n20-k4-30.vrp
Dimension = 21
Solution approach = Memetic Algorithm

835.0 after 24 ms
829.0 after 27 ms
771.0 after 90 ms
742.0 after 222 ms

PROGRESS 30/55 XSH-n20-k4-30 cost=703 elapsed=150s
File to solve = Algorithm/CVRPLib/QOBLIB/XSH-n20-k4-31.vrp
Dimension = 21
Solution approach = Memetic Algorithm

515.0 after 1 ms
507.0 after 14 ms
495.0 after 103 ms
489.0 after 130 ms

File to solve = Algorithm/CVRPLib/QOBLIB/XSH-n20-k4-31.vrp
Dimension = 21
Solution approach = Memetic Algorithm

530.0 after 4 ms
507.0 after 15 ms
474.0 after 59 ms
468.0 after 313 ms

File to solve = Algorithm/CVRPLib/QOBLIB/XSH-n20-k4-31.vrp
Dimension = 21
Solution approach = Memetic Algorithm

569.0 after 2 ms
534.0 after 12 ms
507.0 after 16 ms
497.0 after 36 ms
492.0 after 74 ms

File to solve = Algorithm/CVRPLib/QOBLIB/XSH-n20-k4-31.vrp
Dimension = 21
Solution approach = Memetic Algorithm

562.0 after 3 ms
525.0 after 4 ms
487.0 after 12 ms
485.0 after 67 ms

File to solve = Algorithm/CVRPLib/QOBLIB/XSH-n20-k4-31.vrp
Dimension = 21
Solution approach = Memetic Algorithm

507.0 after 12 ms
475.0 after 118 ms
469.0 after 154 ms

PROGRESS 31/55 XSH-n20-k4-31 cost=468 elapsed=154s
File to solve = Algorithm/CVRPLib/QOBLIB/XSH-n20-k4-32.vrp
Dimension = 21
Solution approach = Memetic Algorithm

974.0 after 1 ms
908.0 after 6 ms
906.0 after 70 ms
887.0 after 108 ms

File to solve = Algorithm/CVRPLib/QOBLIB/XSH-n20-k4-32.vrp
Dimension = 21
Solution approach = Memetic Algorithm

947.0 after 6 ms
927.0 after 8 ms
926.0 after 17 ms
922.0 after 19 ms
905.0 after 41 ms

File to solve = Algorithm/CVRPLib/QOBLIB/XSH-n20-k4-32.vrp
Dimension = 21
Solution approach = Memetic Algorithm

910.0 after 8 ms
903.0 after 130 ms

File to solve = Algorithm/CVRPLib/QOBLIB/XSH-n20-k4-32.vrp
Dimension = 21
Solution approach = Memetic Algorithm

944.0 after 4 ms
919.0 after 11 ms
916.0 after 29 ms
890.0 after 40 ms
889.0 after 200 ms

File to solve = Algorithm/CVRPLib/QOBLIB/XSH-n20-k4-32.vrp
Dimension = 21
Solution approach = Memetic Algorithm

940.0 after 28 ms
938.0 after 37 ms
934.0 after 51 ms
925.0 after 123 ms
910.0 after 199 ms
905.0 after 246 ms
903.0 after 838 ms

PROGRESS 32/55 XSH-n20-k4-32 cost=887 elapsed=158s
File to solve = Algorithm/CVRPLib/QOBLIB/XSH-n20-k4-33.vrp
Dimension = 21
Solution approach = Memetic Algorithm

706.0 after 15 ms
658.0 after 22 ms
643.0 after 383 ms
620.0 after 391 ms

File to solve = Algorithm/CVRPLib/QOBLIB/XSH-n20-k4-33.vrp
Dimension = 21
Solution approach = Memetic Algorithm

748.0 after 3 ms
674.0 after 4 ms
571.0 after 94 ms
570.0 after 125 ms

File to solve = Algorithm/CVRPLib/QOBLIB/XSH-n20-k4-33.vrp
Dimension = 21
Solution approach = Memetic Algorithm

706.0 after 4 ms
695.0 after 35 ms
643.0 after 117 ms
621.0 after 129 ms
604.0 after 198 ms
599.0 after 200 ms

File to solve = Algorithm/CVRPLib/QOBLIB/XSH-n20-k4-33.vrp
Dimension = 21
Solution approach = Memetic Algorithm

833.0 after 3 ms
718.0 after 6 ms
717.0 after 64 ms
643.0 after 81 ms
605.0 after 94 ms
598.0 after 461 ms
595.0 after 1061 ms
590.0 after 1063 ms
569.0 after 1398 ms

File to solve = Algorithm/CVRPLib/QOBLIB/XSH-n20-k4-33.vrp
Dimension = 21
Solution approach = Memetic Algorithm

754.0 after 15 ms
643.0 after 26 ms
621.0 after 47 ms
620.0 after 228 ms
590.0 after 230 ms

PROGRESS 33/55 XSH-n20-k4-33 cost=569 elapsed=164s
File to solve = Algorithm/CVRPLib/QOBLIB/XSH-n20-k4-34.vrp
Dimension = 21
Solution approach = Memetic Algorithm

File to solve = Algorithm/CVRPLib/QOBLIB/XSH-n20-k4-34.vrp
Dimension = 21
Solution approach = Memetic Algorithm

File to solve = Algorithm/CVRPLib/QOBLIB/XSH-n20-k4-34.vrp
Dimension = 21
Solution approach = Memetic Algorithm

File to solve = Algorithm/CVRPLib/QOBLIB/XSH-n20-k4-34.vrp
Dimension = 21
Solution approach = Memetic Algorithm

File to solve = Algorithm/CVRPLib/QOBLIB/XSH-n20-k4-34.vrp
Dimension = 21
Solution approach = Memetic Algorithm

File to solve = Algorithm/CVRPLib/QOBLIB/XSH-n20-k4-34.vrp
Dimension = 21
Solution approach = Memetic Algorithm

File to solve = Algorithm/CVRPLib/QOBLIB/XSH-n20-k4-34.vrp
Dimension = 21
Solution approach = Memetic Algorithm

File to solve = Algorithm/CVRPLib/QOBLIB/XSH-n20-k4-34.vrp
Dimension = 21
Solution approach = Memetic Algorithm

File to solve = Algorithm/CVRPLib/QOBLIB/XSH-n20-k4-34.vrp
Dimension = 21
Solution approach = Memetic Algorithm

1045.0 after 21 ms
1044.0 after 29 ms
1026.0 after 137 ms
946.0 after 205 ms
907.0 after 736 ms
893.0 after 1747 ms

File to solve = Algorithm/CVRPLib/QOBLIB/XSH-n20-k4-34.vrp
Dimension = 21
Solution approach = Memetic Algorithm

947.0 after 17 ms
944.0 after 296 ms
907.0 after 723 ms
893.0 after 1403 ms

File to solve = Algorithm/CVRPLib/QOBLIB/XSH-n20-k4-34.vrp
Dimension = 21
Solution approach = Memetic Algorithm

File to solve = Algorithm/CVRPLib/QOBLIB/XSH-n20-k4-34.vrp
Dimension = 21
Solution approach = Memetic Algorithm

File to solve = Algorithm/CVRPLib/QOBLIB/XSH-n20-k4-34.vrp
Dimension = 21
Solution approach = Memetic Algorithm

File to solve = Algorithm/CVRPLib/QOBLIB/XSH-n20-k4-34.vrp
Dimension = 21
Solution approach = Memetic Algorithm

File to solve = Algorithm/CVRPLib/QOBLIB/XSH-n20-k4-34.vrp
Dimension = 21
Solution approach = Memetic Algorithm

File to solve = Algorithm/CVRPLib/QOBLIB/XSH-n20-k4-34.vrp
Dimension = 21
Solution approach = Memetic Algorithm

File to solve = Algorithm/CVRPLib/QOBLIB/XSH-n20-k4-34.vrp
Dimension = 21
Solution approach = Memetic Algorithm

1072.0 after 32 ms
1011.0 after 122 ms
1010.0 after 339 ms
968.0 after 785 ms
933.0 after 885 ms
905.0 after 991 ms
893.0 after 1261 ms

File to solve = Algorithm/CVRPLib/QOBLIB/XSH-n20-k4-34.vrp
Dimension = 21
Solution approach = Memetic Algorithm

File to solve = Algorithm/CVRPLib/QOBLIB/XSH-n20-k4-34.vrp
Dimension = 21
Solution approach = Memetic Algorithm

File to solve = Algorithm/CVRPLib/QOBLIB/XSH-n20-k4-34.vrp
Dimension = 21
Solution approach = Memetic Algorithm

File to solve = Algorithm/CVRPLib/QOBLIB/XSH-n20-k4-34.vrp
Dimension = 21
Solution approach = Memetic Algorithm

File to solve = Algorithm/CVRPLib/QOBLIB/XSH-n20-k4-34.vrp
Dimension = 21
Solution approach = Memetic Algorithm

993.0 after 31 ms
893.0 after 158 ms

File to solve = Algorithm/CVRPLib/QOBLIB/XSH-n20-k4-34.vrp
Dimension = 21
Solution approach = Memetic Algorithm

1028.0 after 7 ms
947.0 after 258 ms
933.0 after 258 ms
893.0 after 658 ms

PROGRESS 34/55 XSH-n20-k4-34 cost=893 elapsed=174s
File to solve = Algorithm/CVRPLib/QOBLIB/XSH-n20-k4-35.vrp
Dimension = 21
Solution approach = Memetic Algorithm

865.0 after 18 ms
817.0 after 60 ms
815.0 after 93 ms
788.0 after 96 ms

File to solve = Algorithm/CVRPLib/QOBLIB/XSH-n20-k4-35.vrp
Dimension = 21
Solution approach = Memetic Algorithm

File to solve = Algorithm/CVRPLib/QOBLIB/XSH-n20-k4-35.vrp
Dimension = 21
Solution approach = Memetic Algorithm

867.0 after 35 ms
827.0 after 47 ms
767.0 after 77 ms

File to solve = Algorithm/CVRPLib/QOBLIB/XSH-n20-k4-35.vrp
Dimension = 21
Solution approach = Memetic Algorithm

860.0 after 9 ms
846.0 after 31 ms
821.0 after 34 ms
788.0 after 50 ms
775.0 after 184 ms
747.0 after 381 ms

File to solve = Algorithm/CVRPLib/QOBLIB/XSH-n20-k4-35.vrp
Dimension = 21
Solution approach = Memetic Algorithm

880.0 after 13 ms
872.0 after 25 ms
847.0 after 40 ms
794.0 after 65 ms
782.0 after 303 ms

File to solve = Algorithm/CVRPLib/QOBLIB/XSH-n20-k4-35.vrp
Dimension = 21
Solution approach = Memetic Algorithm

885.0 after 5 ms
819.0 after 10 ms
815.0 after 43 ms

PROGRESS 35/55 XSH-n20-k4-35 cost=747 elapsed=179s
File to solve = Algorithm/CVRPLib/QOBLIB/XSH-n20-k4-36.vrp
Dimension = 21
Solution approach = Memetic Algorithm

765.0 after 15 ms
757.0 after 20 ms
716.0 after 31 ms
694.0 after 43 ms
690.0 after 77 ms
679.0 after 109 ms

File to solve = Algorithm/CVRPLib/QOBLIB/XSH-n20-k4-36.vrp
Dimension = 21
Solution approach = Memetic Algorithm

1025.0 after 2 ms
759.0 after 8 ms
702.0 after 10 ms
679.0 after 23 ms
669.0 after 114 ms

File to solve = Algorithm/CVRPLib/QOBLIB/XSH-n20-k4-36.vrp
Dimension = 21
Solution approach = Memetic Algorithm

757.0 after 11 ms
748.0 after 34 ms
674.0 after 41 ms
647.0 after 139 ms

File to solve = Algorithm/CVRPLib/QOBLIB/XSH-n20-k4-36.vrp
Dimension = 21
Solution approach = Memetic Algorithm

738.0 after 12 ms
734.0 after 15 ms
732.0 after 17 ms
716.0 after 19 ms
644.0 after 65 ms

File to solve = Algorithm/CVRPLib/QOBLIB/XSH-n20-k4-36.vrp
Dimension = 21
Solution approach = Memetic Algorithm

758.0 after 5 ms
741.0 after 14 ms
728.0 after 25 ms
648.0 after 131 ms
645.0 after 172 ms
640.0 after 176 ms
638.0 after 583 ms

PROGRESS 36/55 XSH-n20-k4-36 cost=638 elapsed=182s
File to solve = Algorithm/CVRPLib/QOBLIB/XSH-n20-k4-37.vrp
Dimension = 21
Solution approach = Memetic Algorithm

845.0 after 27 ms
830.0 after 43 ms
808.0 after 218 ms
747.0 after 226 ms
723.0 after 302 ms
709.0 after 747 ms
695.0 after 1112 ms

File to solve = Algorithm/CVRPLib/QOBLIB/XSH-n20-k4-37.vrp
Dimension = 21
Solution approach = Memetic Algorithm

860.0 after 19 ms
783.0 after 29 ms
726.0 after 161 ms
720.0 after 272 ms
710.0 after 865 ms

File to solve = Algorithm/CVRPLib/QOBLIB/XSH-n20-k4-37.vrp
Dimension = 21
Solution approach = Memetic Algorithm

808.0 after 46 ms
735.0 after 112 ms
680.0 after 618 ms
670.0 after 1029 ms

File to solve = Algorithm/CVRPLib/QOBLIB/XSH-n20-k4-37.vrp
Dimension = 21
Solution approach = Memetic Algorithm

File to solve = Algorithm/CVRPLib/QOBLIB/XSH-n20-k4-37.vrp
Dimension = 21
Solution approach = Memetic Algorithm

File to solve = Algorithm/CVRPLib/QOBLIB/XSH-n20-k4-37.vrp
Dimension = 21
Solution approach = Memetic Algorithm

716.0 after 28 ms
710.0 after 82 ms
670.0 after 467 ms

File to solve = Algorithm/CVRPLib/QOBLIB/XSH-n20-k4-37.vrp
Dimension = 21
Solution approach = Memetic Algorithm

817.0 after 31 ms
777.0 after 42 ms
738.0 after 122 ms
736.0 after 144 ms
703.0 after 589 ms

PROGRESS 37/55 XSH-n20-k4-37 cost=670 elapsed=189s
File to solve = Algorithm/CVRPLib/QOBLIB/XSH-n20-k4-38.vrp
Dimension = 21
Solution approach = Memetic Algorithm

1081.0 after 7 ms
1065.0 after 11 ms
1034.0 after 57 ms

File to solve = Algorithm/CVRPLib/QOBLIB/XSH-n20-k4-38.vrp
Dimension = 21
Solution approach = Memetic Algorithm

1140.0 after 7 ms
1069.0 after 13 ms
1068.0 after 25 ms
1057.0 after 71 ms
1052.0 after 76 ms
1050.0 after 78 ms

File to solve = Algorithm/CVRPLib/QOBLIB/XSH-n20-k4-38.vrp
Dimension = 21
Solution approach = Memetic Algorithm

1212.0 after 5 ms
1112.0 after 7 ms
1098.0 after 8 ms
1081.0 after 8 ms
1069.0 after 21 ms
1068.0 after 59 ms
1055.0 after 76 ms
1049.0 after 79 ms

File to solve = Algorithm/CVRPLib/QOBLIB/XSH-n20-k4-38.vrp
Dimension = 21
Solution approach = Memetic Algorithm

1081.0 after 6 ms
1068.0 after 7 ms
1030.0 after 16 ms
998.0 after 143 ms

File to solve = Algorithm/CVRPLib/QOBLIB/XSH-n20-k4-38.vrp
Dimension = 21
Solution approach = Memetic Algorithm

1122.0 after 9 ms
1112.0 after 10 ms
998.0 after 13 ms

PROGRESS 38/55 XSH-n20-k4-38 cost=998 elapsed=193s
File to solve = Algorithm/CVRPLib/QOBLIB/XSH-n20-k4-39.vrp
Dimension = 21
Solution approach = Memetic Algorithm

867.0 after 6 ms
856.0 after 21 ms
753.0 after 26 ms
748.0 after 77 ms

File to solve = Algorithm/CVRPLib/QOBLIB/XSH-n20-k4-39.vrp
Dimension = 21
Solution approach = Memetic Algorithm

864.0 after 22 ms
861.0 after 40 ms
850.0 after 46 ms
833.0 after 59 ms
764.0 after 128 ms

File to solve = Algorithm/CVRPLib/QOBLIB/XSH-n20-k4-39.vrp
Dimension = 21
Solution approach = Memetic Algorithm

957.0 after 8 ms
843.0 after 33 ms
838.0 after 37 ms
755.0 after 98 ms
748.0 after 123 ms

File to solve = Algorithm/CVRPLib/QOBLIB/XSH-n20-k4-39.vrp
Dimension = 21
Solution approach = Memetic Algorithm

864.0 after 4 ms
852.0 after 7 ms
797.0 after 38 ms
736.0 after 43 ms

File to solve = Algorithm/CVRPLib/QOBLIB/XSH-n20-k4-39.vrp
Dimension = 21
Solution approach = Memetic Algorithm

826.0 after 2 ms
803.0 after 54 ms
764.0 after 168 ms

PROGRESS 39/55 XSH-n20-k4-39 cost=736 elapsed=196s
File to solve = Algorithm/CVRPLib/QOBLIB/XSH-n20-k4-40.vrp
Dimension = 21
Solution approach = Memetic Algorithm

912.0 after 7 ms
762.0 after 9 ms
751.0 after 87 ms

File to solve = Algorithm/CVRPLib/QOBLIB/XSH-n20-k4-40.vrp
Dimension = 21
Solution approach = Memetic Algorithm

925.0 after 22 ms
853.0 after 38 ms
828.0 after 42 ms
818.0 after 49 ms
797.0 after 97 ms
795.0 after 184 ms
791.0 after 185 ms

File to solve = Algorithm/CVRPLib/QOBLIB/XSH-n20-k4-40.vrp
Dimension = 21
Solution approach = Memetic Algorithm

925.0 after 12 ms
883.0 after 17 ms
882.0 after 104 ms
806.0 after 117 ms
805.0 after 192 ms
781.0 after 197 ms

File to solve = Algorithm/CVRPLib/QOBLIB/XSH-n20-k4-40.vrp
Dimension = 21
Solution approach = Memetic Algorithm

988.0 after 13 ms
874.0 after 14 ms
822.0 after 22 ms
820.0 after 77 ms
789.0 after 132 ms
781.0 after 174 ms
763.0 after 204 ms
762.0 after 205 ms
751.0 after 206 ms

File to solve = Algorithm/CVRPLib/QOBLIB/XSH-n20-k4-40.vrp
Dimension = 21
Solution approach = Memetic Algorithm

930.0 after 1 ms
831.0 after 6 ms
749.0 after 39 ms

PROGRESS 40/55 XSH-n20-k4-40 cost=749 elapsed=200s
File to solve = Algorithm/CVRPLib/QOBLIB/XSH-n20-k4-41.vrp
Dimension = 21
Solution approach = Memetic Algorithm

897.0 after 44 ms
871.0 after 67 ms
864.0 after 105 ms
861.0 after 244 ms
859.0 after 270 ms
752.0 after 293 ms
745.0 after 371 ms
743.0 after 412 ms

File to solve = Algorithm/CVRPLib/QOBLIB/XSH-n20-k4-41.vrp
Dimension = 21
Solution approach = Memetic Algorithm

746.0 after 10 ms
745.0 after 69 ms
743.0 after 156 ms

File to solve = Algorithm/CVRPLib/QOBLIB/XSH-n20-k4-41.vrp
Dimension = 21
Solution approach = Memetic Algorithm

890.0 after 17 ms
762.0 after 21 ms
750.0 after 157 ms

File to solve = Algorithm/CVRPLib/QOBLIB/XSH-n20-k4-41.vrp
Dimension = 21
Solution approach = Memetic Algorithm

922.0 after 6 ms
918.0 after 16 ms
903.0 after 21 ms
871.0 after 51 ms
750.0 after 64 ms
743.0 after 145 ms

File to solve = Algorithm/CVRPLib/QOBLIB/XSH-n20-k4-41.vrp
Dimension = 21
Solution approach = Memetic Algorithm

1034.0 after 21 ms
890.0 after 27 ms
767.0 after 56 ms
748.0 after 60 ms
745.0 after 171 ms
744.0 after 176 ms

PROGRESS 41/55 XSH-n20-k4-41 cost=743 elapsed=204s
File to solve = Algorithm/CVRPLib/QOBLIB/XSH-n20-k4-42.vrp
Dimension = 21
Solution approach = Memetic Algorithm

1063.0 after 5 ms
1048.0 after 119 ms
1046.0 after 535 ms

File to solve = Algorithm/CVRPLib/QOBLIB/XSH-n20-k4-42.vrp
Dimension = 21
Solution approach = Memetic Algorithm

1134.0 after 6 ms
1080.0 after 7 ms
1053.0 after 137 ms
1040.0 after 224 ms
1022.0 after 261 ms

File to solve = Algorithm/CVRPLib/QOBLIB/XSH-n20-k4-42.vrp
Dimension = 21
Solution approach = Memetic Algorithm

1085.0 after 3 ms
1083.0 after 41 ms
1019.0 after 72 ms

File to solve = Algorithm/CVRPLib/QOBLIB/XSH-n20-k4-42.vrp
Dimension = 21
Solution approach = Memetic Algorithm

1085.0 after 1 ms
1078.0 after 24 ms
1019.0 after 164 ms

File to solve = Algorithm/CVRPLib/QOBLIB/XSH-n20-k4-42.vrp
Dimension = 21
Solution approach = Memetic Algorithm

File to solve = Algorithm/CVRPLib/QOBLIB/XSH-n20-k4-42.vrp
Dimension = 21
Solution approach = Memetic Algorithm

1105.0 after 4 ms
1096.0 after 5 ms
1088.0 after 10 ms
1084.0 after 11 ms
1054.0 after 21 ms
1052.0 after 80 ms
1045.0 after 147 ms

PROGRESS 42/55 XSH-n20-k4-42 cost=1019 elapsed=208s
File to solve = Algorithm/CVRPLib/QOBLIB/XSH-n20-k4-43.vrp
Dimension = 21
Solution approach = Memetic Algorithm

583.0 after 7 ms
575.0 after 21 ms
558.0 after 64 ms
505.0 after 69 ms
504.0 after 249 ms
493.0 after 265 ms
480.0 after 787 ms

File to solve = Algorithm/CVRPLib/QOBLIB/XSH-n20-k4-43.vrp
Dimension = 21
Solution approach = Memetic Algorithm

File to solve = Algorithm/CVRPLib/QOBLIB/XSH-n20-k4-43.vrp
Dimension = 21
Solution approach = Memetic Algorithm

582.0 after 1 ms
565.0 after 2 ms
528.0 after 4 ms
510.0 after 16 ms
505.0 after 130 ms
480.0 after 132 ms

File to solve = Algorithm/CVRPLib/QOBLIB/XSH-n20-k4-43.vrp
Dimension = 21
Solution approach = Memetic Algorithm

614.0 after 15 ms
597.0 after 19 ms
575.0 after 19 ms
558.0 after 20 ms
555.0 after 32 ms
511.0 after 44 ms

File to solve = Algorithm/CVRPLib/QOBLIB/XSH-n20-k4-43.vrp
Dimension = 21
Solution approach = Memetic Algorithm

584.0 after 6 ms
557.0 after 37 ms
514.0 after 57 ms
507.0 after 718 ms

File to solve = Algorithm/CVRPLib/QOBLIB/XSH-n20-k4-43.vrp
Dimension = 21
Solution approach = Memetic Algorithm

598.0 after 43 ms
575.0 after 65 ms
545.0 after 65 ms
544.0 after 111 ms
537.0 after 126 ms
536.0 after 132 ms
524.0 after 132 ms
489.0 after 622 ms
480.0 after 623 ms

PROGRESS 43/55 XSH-n20-k4-43 cost=480 elapsed=214s
File to solve = Algorithm/CVRPLib/QOBLIB/XSH-n20-k4-44.vrp
Dimension = 21
Solution approach = Memetic Algorithm

1028.0 after 5 ms

File to solve = Algorithm/CVRPLib/QOBLIB/XSH-n20-k4-44.vrp
Dimension = 21
Solution approach = Memetic Algorithm

1070.0 after 8 ms
1048.0 after 19 ms
1046.0 after 23 ms
1031.0 after 25 ms
1027.0 after 41 ms
1013.0 after 61 ms
1004.0 after 77 ms

File to solve = Algorithm/CVRPLib/QOBLIB/XSH-n20-k4-44.vrp
Dimension = 21
Solution approach = Memetic Algorithm

1034.0 after 20 ms
1006.0 after 91 ms

File to solve = Algorithm/CVRPLib/QOBLIB/XSH-n20-k4-44.vrp
Dimension = 21
Solution approach = Memetic Algorithm

1066.0 after 13 ms
1064.0 after 28 ms
1004.0 after 41 ms

File to solve = Algorithm/CVRPLib/QOBLIB/XSH-n20-k4-44.vrp
Dimension = 21
Solution approach = Memetic Algorithm

1142.0 after 6 ms
1029.0 after 35 ms
1018.0 after 175 ms

PROGRESS 44/55 XSH-n20-k4-44 cost=1004 elapsed=217s
File to solve = Algorithm/CVRPLib/QOBLIB/XSH-n20-k4-45.vrp
Dimension = 21
Solution approach = Memetic Algorithm

1179.0 after 17 ms
1175.0 after 30 ms
1159.0 after 42 ms
1126.0 after 57 ms
1124.0 after 335 ms

File to solve = Algorithm/CVRPLib/QOBLIB/XSH-n20-k4-45.vrp
Dimension = 21
Solution approach = Memetic Algorithm

1090.0 after 21 ms

File to solve = Algorithm/CVRPLib/QOBLIB/XSH-n20-k4-45.vrp
Dimension = 21
Solution approach = Memetic Algorithm

1279.0 after 2 ms
1214.0 after 2 ms
1155.0 after 4 ms
1136.0 after 9 ms
1110.0 after 58 ms
1090.0 after 307 ms

File to solve = Algorithm/CVRPLib/QOBLIB/XSH-n20-k4-45.vrp
Dimension = 21
Solution approach = Memetic Algorithm

1163.0 after 5 ms
1160.0 after 18 ms
1141.0 after 55 ms
1136.0 after 150 ms
1124.0 after 199 ms
1121.0 after 344 ms
1108.0 after 345 ms
1107.0 after 677 ms

File to solve = Algorithm/CVRPLib/QOBLIB/XSH-n20-k4-45.vrp
Dimension = 21
Solution approach = Memetic Algorithm

1178.0 after 14 ms
1136.0 after 27 ms
1112.0 after 63 ms
1090.0 after 162 ms

PROGRESS 45/55 XSH-n20-k4-45 cost=1090 elapsed=221s
File to solve = Algorithm/CVRPLib/QOBLIB/XSH-n20-k4-46.vrp
Dimension = 21
Solution approach = Memetic Algorithm

864.0 after 7 ms
843.0 after 37 ms
842.0 after 119 ms

File to solve = Algorithm/CVRPLib/QOBLIB/XSH-n20-k4-46.vrp
Dimension = 21
Solution approach = Memetic Algorithm

890.0 after 11 ms
879.0 after 24 ms
825.0 after 29 ms

File to solve = Algorithm/CVRPLib/QOBLIB/XSH-n20-k4-46.vrp
Dimension = 21
Solution approach = Memetic Algorithm

867.0 after 5 ms
844.0 after 7 ms
843.0 after 235 ms
842.0 after 245 ms
836.0 after 250 ms

File to solve = Algorithm/CVRPLib/QOBLIB/XSH-n20-k4-46.vrp
Dimension = 21
Solution approach = Memetic Algorithm

881.0 after 10 ms
866.0 after 18 ms
852.0 after 21 ms
847.0 after 23 ms
825.0 after 112 ms

File to solve = Algorithm/CVRPLib/QOBLIB/XSH-n20-k4-46.vrp
Dimension = 21
Solution approach = Memetic Algorithm

858.0 after 19 ms
856.0 after 84 ms
814.0 after 88 ms

PROGRESS 46/55 XSH-n20-k4-46 cost=814 elapsed=225s
File to solve = Algorithm/CVRPLib/QOBLIB/XSH-n20-k4-47.vrp
Dimension = 21
Solution approach = Memetic Algorithm

697.0 after 4 ms
610.0 after 15 ms
592.0 after 168 ms

File to solve = Algorithm/CVRPLib/QOBLIB/XSH-n20-k4-47.vrp
Dimension = 21
Solution approach = Memetic Algorithm

712.0 after 15 ms
592.0 after 19 ms

File to solve = Algorithm/CVRPLib/QOBLIB/XSH-n20-k4-47.vrp
Dimension = 21
Solution approach = Memetic Algorithm

679.0 after 4 ms
623.0 after 44 ms
619.0 after 75 ms
592.0 after 94 ms

File to solve = Algorithm/CVRPLib/QOBLIB/XSH-n20-k4-47.vrp
Dimension = 21
Solution approach = Memetic Algorithm

651.0 after 29 ms
616.0 after 32 ms
609.0 after 82 ms
605.0 after 122 ms
592.0 after 218 ms

File to solve = Algorithm/CVRPLib/QOBLIB/XSH-n20-k4-47.vrp
Dimension = 21
Solution approach = Memetic Algorithm

619.0 after 3 ms
592.0 after 24 ms

PROGRESS 47/55 XSH-n20-k4-47 cost=592 elapsed=228s
File to solve = Algorithm/CVRPLib/QOBLIB/XSH-n20-k4-48.vrp
Dimension = 21
Solution approach = Memetic Algorithm

660.0 after 3 ms
592.0 after 9 ms
575.0 after 61 ms
563.0 after 73 ms
551.0 after 84 ms

File to solve = Algorithm/CVRPLib/QOBLIB/XSH-n20-k4-48.vrp
Dimension = 21
Solution approach = Memetic Algorithm

631.0 after 16 ms
600.0 after 18 ms
581.0 after 24 ms
551.0 after 32 ms
544.0 after 69 ms

File to solve = Algorithm/CVRPLib/QOBLIB/XSH-n20-k4-48.vrp
Dimension = 21
Solution approach = Memetic Algorithm

590.0 after 3 ms
582.0 after 17 ms
551.0 after 24 ms

File to solve = Algorithm/CVRPLib/QOBLIB/XSH-n20-k4-48.vrp
Dimension = 21
Solution approach = Memetic Algorithm

607.0 after 0 ms
605.0 after 5 ms
597.0 after 14 ms
596.0 after 20 ms
564.0 after 27 ms
559.0 after 41 ms
556.0 after 60 ms

File to solve = Algorithm/CVRPLib/QOBLIB/XSH-n20-k4-48.vrp
Dimension = 21
Solution approach = Memetic Algorithm

617.0 after 7 ms
553.0 after 30 ms
552.0 after 90 ms

PROGRESS 48/55 XSH-n20-k4-48 cost=544 elapsed=231s
File to solve = Algorithm/CVRPLib/QOBLIB/XSH-n20-k4-49.vrp
Dimension = 21
Solution approach = Memetic Algorithm

1391.0 after 11 ms
1086.0 after 21 ms
1079.0 after 42 ms
1078.0 after 46 ms
1074.0 after 73 ms
1072.0 after 96 ms
1049.0 after 558 ms

File to solve = Algorithm/CVRPLib/QOBLIB/XSH-n20-k4-49.vrp
Dimension = 21
Solution approach = Memetic Algorithm

1224.0 after 5 ms
1089.0 after 5 ms
1081.0 after 10 ms
1076.0 after 47 ms

File to solve = Algorithm/CVRPLib/QOBLIB/XSH-n20-k4-49.vrp
Dimension = 21
Solution approach = Memetic Algorithm

1166.0 after 18 ms
1082.0 after 29 ms
1079.0 after 40 ms
1073.0 after 111 ms

File to solve = Algorithm/CVRPLib/QOBLIB/XSH-n20-k4-49.vrp
Dimension = 21
Solution approach = Memetic Algorithm

1154.0 after 3 ms
1150.0 after 32 ms
1085.0 after 50 ms
1082.0 after 65 ms
1079.0 after 84 ms
1073.0 after 306 ms

File to solve = Algorithm/CVRPLib/QOBLIB/XSH-n20-k4-49.vrp
Dimension = 21
Solution approach = Memetic Algorithm

1269.0 after 9 ms
1225.0 after 11 ms
1219.0 after 37 ms
1161.0 after 66 ms
1081.0 after 66 ms
1079.0 after 93 ms

PROGRESS 49/55 XSH-n20-k4-49 cost=1049 elapsed=235s
File to solve = Algorithm/CVRPLib/QOBLIB/XSH-n20-k4-50.vrp
Dimension = 21
Solution approach = Memetic Algorithm

809.0 after 3 ms
791.0 after 17 ms
661.0 after 24 ms
660.0 after 186 ms
629.0 after 700 ms

File to solve = Algorithm/CVRPLib/QOBLIB/XSH-n20-k4-50.vrp
Dimension = 21
Solution approach = Memetic Algorithm

File to solve = Algorithm/CVRPLib/QOBLIB/XSH-n20-k4-50.vrp
Dimension = 21
Solution approach = Memetic Algorithm

878.0 after 12 ms
867.0 after 65 ms
659.0 after 77 ms
636.0 after 209 ms
629.0 after 210 ms

File to solve = Algorithm/CVRPLib/QOBLIB/XSH-n20-k4-50.vrp
Dimension = 21
Solution approach = Memetic Algorithm

755.0 after 10 ms
669.0 after 150 ms

File to solve = Algorithm/CVRPLib/QOBLIB/XSH-n20-k4-50.vrp
Dimension = 21
Solution approach = Memetic Algorithm

878.0 after 34 ms
876.0 after 55 ms
869.0 after 414 ms
866.0 after 443 ms
659.0 after 497 ms
654.0 after 623 ms
629.0 after 909 ms
627.0 after 1225 ms

File to solve = Algorithm/CVRPLib/QOBLIB/XSH-n20-k4-50.vrp
Dimension = 21
Solution approach = Memetic Algorithm

File to solve = Algorithm/CVRPLib/QOBLIB/XSH-n20-k4-50.vrp
Dimension = 21
Solution approach = Memetic Algorithm

878.0 after 5 ms
832.0 after 21 ms
788.0 after 155 ms
631.0 after 255 ms
630.0 after 261 ms
629.0 after 273 ms
627.0 after 951 ms

PROGRESS 50/55 XSH-n20-k4-50 cost=627 elapsed=242s
File to solve = Algorithm/CVRPLib/QOBLIB/XSH-n20-k4-51.vrp
Dimension = 21
Solution approach = Memetic Algorithm

595.0 after 6 ms
594.0 after 31 ms
593.0 after 38 ms
569.0 after 39 ms

File to solve = Algorithm/CVRPLib/QOBLIB/XSH-n20-k4-51.vrp
Dimension = 21
Solution approach = Memetic Algorithm

735.0 after 18 ms
643.0 after 21 ms
514.0 after 22 ms
503.0 after 64 ms

File to solve = Algorithm/CVRPLib/QOBLIB/XSH-n20-k4-51.vrp
Dimension = 21
Solution approach = Memetic Algorithm

645.0 after 2 ms
608.0 after 7 ms
559.0 after 35 ms
521.0 after 53 ms
503.0 after 54 ms

File to solve = Algorithm/CVRPLib/QOBLIB/XSH-n20-k4-51.vrp
Dimension = 21
Solution approach = Memetic Algorithm

623.0 after 3 ms
571.0 after 5 ms
503.0 after 39 ms

File to solve = Algorithm/CVRPLib/QOBLIB/XSH-n20-k4-51.vrp
Dimension = 21
Solution approach = Memetic Algorithm

635.0 after 3 ms
634.0 after 6 ms
590.0 after 6 ms
567.0 after 24 ms

PROGRESS 51/55 XSH-n20-k4-51 cost=503 elapsed=245s
File to solve = Algorithm/CVRPLib/QOBLIB/XSH-n20-k4-52.vrp
Dimension = 21
Solution approach = Memetic Algorithm

766.0 after 0 ms
725.0 after 2 ms
713.0 after 4 ms
670.0 after 10 ms
659.0 after 21 ms
653.0 after 56 ms
648.0 after 58 ms

File to solve = Algorithm/CVRPLib/QOBLIB/XSH-n20-k4-52.vrp
Dimension = 21
Solution approach = Memetic Algorithm

735.0 after 0 ms
676.0 after 4 ms
674.0 after 19 ms
673.0 after 29 ms
659.0 after 120 ms

File to solve = Algorithm/CVRPLib/QOBLIB/XSH-n20-k4-52.vrp
Dimension = 21
Solution approach = Memetic Algorithm

648.0 after 1 ms

File to solve = Algorithm/CVRPLib/QOBLIB/XSH-n20-k4-52.vrp
Dimension = 21
Solution approach = Memetic Algorithm

731.0 after 1 ms
702.0 after 2 ms
659.0 after 15 ms

File to solve = Algorithm/CVRPLib/QOBLIB/XSH-n20-k4-52.vrp
Dimension = 21
Solution approach = Memetic Algorithm

714.0 after 4 ms
710.0 after 12 ms
663.0 after 25 ms
655.0 after 39 ms

PROGRESS 52/55 XSH-n20-k4-52 cost=648 elapsed=248s
File to solve = Algorithm/CVRPLib/QOBLIB/XSH-n20-k4-53.vrp
Dimension = 21
Solution approach = Memetic Algorithm

1052.0 after 21 ms
1033.0 after 317 ms

File to solve = Algorithm/CVRPLib/QOBLIB/XSH-n20-k4-53.vrp
Dimension = 21
Solution approach = Memetic Algorithm

1143.0 after 37 ms
1052.0 after 141 ms
1046.0 after 542 ms
1033.0 after 549 ms
981.0 after 1016 ms
972.0 after 1521 ms

File to solve = Algorithm/CVRPLib/QOBLIB/XSH-n20-k4-53.vrp
Dimension = 21
Solution approach = Memetic Algorithm

File to solve = Algorithm/CVRPLib/QOBLIB/XSH-n20-k4-53.vrp
Dimension = 21
Solution approach = Memetic Algorithm

1052.0 after 9 ms
1035.0 after 38 ms
1031.0 after 437 ms
981.0 after 592 ms

File to solve = Algorithm/CVRPLib/QOBLIB/XSH-n20-k4-53.vrp
Dimension = 21
Solution approach = Memetic Algorithm

File to solve = Algorithm/CVRPLib/QOBLIB/XSH-n20-k4-53.vrp
Dimension = 21
Solution approach = Memetic Algorithm

1121.0 after 17 ms
1071.0 after 57 ms
1033.0 after 61 ms

File to solve = Algorithm/CVRPLib/QOBLIB/XSH-n20-k4-53.vrp
Dimension = 21
Solution approach = Memetic Algorithm

1303.0 after 7 ms
1075.0 after 40 ms
1050.0 after 152 ms
1015.0 after 161 ms

PROGRESS 53/55 XSH-n20-k4-53 cost=972 elapsed=254s
File to solve = Algorithm/CVRPLib/QOBLIB/XSH-n20-k4-54.vrp
Dimension = 21
Solution approach = Memetic Algorithm

977.0 after 34 ms
951.0 after 38 ms
869.0 after 49 ms
802.0 after 65 ms
801.0 after 319 ms
797.0 after 320 ms

File to solve = Algorithm/CVRPLib/QOBLIB/XSH-n20-k4-54.vrp
Dimension = 21
Solution approach = Memetic Algorithm

File to solve = Algorithm/CVRPLib/QOBLIB/XSH-n20-k4-54.vrp
Dimension = 21
Solution approach = Memetic Algorithm

1002.0 after 75 ms
906.0 after 159 ms
857.0 after 213 ms
847.0 after 783 ms

File to solve = Algorithm/CVRPLib/QOBLIB/XSH-n20-k4-54.vrp
Dimension = 21
Solution approach = Memetic Algorithm

1030.0 after 6 ms
922.0 after 38 ms
849.0 after 64 ms

File to solve = Algorithm/CVRPLib/QOBLIB/XSH-n20-k4-54.vrp
Dimension = 21
Solution approach = Memetic Algorithm

958.0 after 18 ms
915.0 after 35 ms
901.0 after 42 ms
847.0 after 72 ms

File to solve = Algorithm/CVRPLib/QOBLIB/XSH-n20-k4-54.vrp
Dimension = 21
Solution approach = Memetic Algorithm

1080.0 after 14 ms
939.0 after 27 ms
887.0 after 34 ms
877.0 after 232 ms
857.0 after 368 ms
851.0 after 534 ms

PROGRESS 54/55 XSH-n20-k4-54 cost=797 elapsed=258s
File to solve = Algorithm/CVRPLib/QOBLIB/XSH-n20-k4-55.vrp
Dimension = 21
Solution approach = Memetic Algorithm

File to solve = Algorithm/CVRPLib/QOBLIB/XSH-n20-k4-55.vrp
Dimension = 21
Solution approach = Memetic Algorithm

File to solve = Algorithm/CVRPLib/QOBLIB/XSH-n20-k4-55.vrp
Dimension = 21
Solution approach = Memetic Algorithm

851.0 after 35 ms
732.0 after 191 ms
651.0 after 751 ms

File to solve = Algorithm/CVRPLib/QOBLIB/XSH-n20-k4-55.vrp
Dimension = 21
Solution approach = Memetic Algorithm

File to solve = Algorithm/CVRPLib/QOBLIB/XSH-n20-k4-55.vrp
Dimension = 21
Solution approach = Memetic Algorithm

885.0 after 13 ms
730.0 after 366 ms
729.0 after 466 ms
722.0 after 938 ms
709.0 after 1535 ms
707.0 after 1537 ms

File to solve = Algorithm/CVRPLib/QOBLIB/XSH-n20-k4-55.vrp
Dimension = 21
Solution approach = Memetic Algorithm

File to solve = Algorithm/CVRPLib/QOBLIB/XSH-n20-k4-55.vrp
Dimension = 21
Solution approach = Memetic Algorithm

File to solve = Algorithm/CVRPLib/QOBLIB/XSH-n20-k4-55.vrp
Dimension = 21
Solution approach = Memetic Algorithm

File to solve = Algorithm/CVRPLib/QOBLIB/XSH-n20-k4-55.vrp
Dimension = 21
Solution approach = Memetic Algorithm

File to solve = Algorithm/CVRPLib/QOBLIB/XSH-n20-k4-55.vrp
Dimension = 21
Solution approach = Memetic Algorithm

761.0 after 6 ms
723.0 after 610 ms

File to solve = Algorithm/CVRPLib/QOBLIB/XSH-n20-k4-55.vrp
Dimension = 21
Solution approach = Memetic Algorithm

975.0 after 2 ms
738.0 after 20 ms
618.0 after 37 ms

File to solve = Algorithm/CVRPLib/QOBLIB/XSH-n20-k4-55.vrp
Dimension = 21
Solution approach = Memetic Algorithm

File to solve = Algorithm/CVRPLib/QOBLIB/XSH-n20-k4-55.vrp
Dimension = 21
Solution approach = Memetic Algorithm

File to solve = Algorithm/CVRPLib/QOBLIB/XSH-n20-k4-55.vrp
Dimension = 21
Solution approach = Memetic Algorithm

File to solve = Algorithm/CVRPLib/QOBLIB/XSH-n20-k4-55.vrp
Dimension = 21
Solution approach = Memetic Algorithm

741.0 after 3 ms

PROGRESS 55/55 XSH-n20-k4-55 cost=618 elapsed=266s
DONE in 266s
